Archive member included to satisfy reference by file (symbol)

/opt/rs90-toolchain/lib/gcc/mipsel-rs90-linux-musl/8.3.0/libgcc.a(_divdi3.o)
                              pico/32x/sh2soc.o (__divdi3)
/opt/rs90-toolchain/lib/gcc/mipsel-rs90-linux-musl/8.3.0/libgcc.a(_moddi3.o)
                              pico/32x/sh2soc.o (__moddi3)
/opt/rs90-toolchain/lib/gcc/mipsel-rs90-linux-musl/8.3.0/libgcc.a(addsf3.o)
                              platform/common/plat_sdl.o (__addsf3)
/opt/rs90-toolchain/lib/gcc/mipsel-rs90-linux-musl/8.3.0/libgcc.a(divsf3.o)
                              pico/32x/32x.o (__divsf3)
/opt/rs90-toolchain/lib/gcc/mipsel-rs90-linux-musl/8.3.0/libgcc.a(mulsf3.o)
                              platform/common/plat_sdl.o (__mulsf3)
/opt/rs90-toolchain/lib/gcc/mipsel-rs90-linux-musl/8.3.0/libgcc.a(fixsfsi.o)
                              platform/common/plat_sdl.o (__fixsfsi)
/opt/rs90-toolchain/lib/gcc/mipsel-rs90-linux-musl/8.3.0/libgcc.a(floatsisf.o)
                              platform/common/plat_sdl.o (__floatsisf)
/opt/rs90-toolchain/lib/gcc/mipsel-rs90-linux-musl/8.3.0/libgcc.a(adddf3.o)
                              pico/sound/ym2612.o (__adddf3)
/opt/rs90-toolchain/lib/gcc/mipsel-rs90-linux-musl/8.3.0/libgcc.a(divdf3.o)
                              pico/memory.o (__divdf3)
/opt/rs90-toolchain/lib/gcc/mipsel-rs90-linux-musl/8.3.0/libgcc.a(gedf2.o)
                              pico/sound/ym2612.o (__gtdf2)
/opt/rs90-toolchain/lib/gcc/mipsel-rs90-linux-musl/8.3.0/libgcc.a(muldf3.o)
                              pico/memory.o (__muldf3)
/opt/rs90-toolchain/lib/gcc/mipsel-rs90-linux-musl/8.3.0/libgcc.a(fixdfsi.o)
                              pico/memory.o (__fixdfsi)
/opt/rs90-toolchain/lib/gcc/mipsel-rs90-linux-musl/8.3.0/libgcc.a(fixunsdfsi.o)
                              pico/sound/sn76496.o (__fixunsdfsi)
/opt/rs90-toolchain/lib/gcc/mipsel-rs90-linux-musl/8.3.0/libgcc.a(floatsidf.o)
                              pico/memory.o (__floatsidf)
/opt/rs90-toolchain/lib/gcc/mipsel-rs90-linux-musl/8.3.0/libgcc.a(floatunsidf.o)
                              pico/sound/ym2612.o (__floatunsidf)
/opt/rs90-toolchain/lib/gcc/mipsel-rs90-linux-musl/8.3.0/libgcc.a(truncdfsf2.o)
                              platform/common/config_file.o (__truncdfsf2)

Allocating common symbols
Common symbol       size              file

DrawLineDestIncrement
                    0x4               pico/draw.o
g_autostateld_opt   0x4               platform/common/menu_pico.o
HighLnSpr           0x1e00            pico/draw.o
PicoStateProgressCB
                    0x4               pico/state.o
PicoIn              0x30              pico/pico.o
rom_fname_loaded    0x200             platform/common/emu.o
g_screen_ptr        0x4               platform/common/emu.o
carthw_ssf2_banks   0x8               pico/carthw/carthw.o
g_menuscreen_w      0x4               platform/common/menu_pico.o
g_menubg_ptr        0x4               platform/common/menu_pico.o
flip_after_sync     0x4               platform/common/emu.o
s68k_write16_map    0x400             pico/cd/memory.o
PicoCpuFS68k        0x4ac             pico/cd/sek.o
m68k_write16_map    0x400             pico/memory.o
rendlines           0x4               pico/draw.o
currentConfig       0x70              platform/common/emu.o
plat_sdl_screen     0x4               platform/libpicofe/plat_sdl.o
SekCycleCntS68k     0x4               pico/cd/sek.o
ym_tl_tab2          0x1a00            pico/sound/ym2612.o
m68k_read16_map     0x400             pico/memory.o
CZ80                0xc0              cpu/cz80/cz80.o
Pico32xDrawMode     0x4               pico/32x/draw.o
sn76496_regs        0x4               pico/sound/sn76496.o
g_menuscreen_ptr    0x4               platform/common/menu_pico.o
carthw_ssf2_active  0x4               pico/carthw/carthw.o
plat_sdl_quit_cb    0x4               platform/libpicofe/plat_sdl.o
tcache              0x4               cpu/drc/cmn.o
plat_sdl_gl_active  0x4               platform/libpicofe/plat_sdl.o
ym2612              0xbe0             pico/sound/ym2612.o
in_evdev_allow_abs_only
                    0x4               platform/libpicofe/linux/in_evdev.o
plat_sdl_overlay    0x4               platform/libpicofe/plat_sdl.o
tcache_default      0x200000          cpu/drc/cmn.o
s68k_read16_map     0x400             pico/cd/memory.o
carthw_chunks       0x4               pico/state.o
PicoPicohw          0x208             pico/pico/pico.o
rom_fname_reload    0x4               platform/common/emu.o
Pico32x             0xc0              pico/32x/32x.o
z80_write_map       0x20              pico/z80if.o
p32x_event_times    0xc               pico/32x/32x.o
PicoGameLoaded      0x4               pico/cart.o
ScreenSurface       0x4               platform/libpicofe/plat_sdl.o
pcd_event_times     0x10              pico/cd/mcd.o
PicoLoadStateHook   0x4               pico/state.o
ym_tl_tab           0x34000           pico/sound/ym2612.o
[...]
Memory Configuration

Name             Origin             Length             Attributes
*default*        0x0000000000000000 0xffffffffffffffff

Linker script and memory map

LOAD /opt/rs90-toolchain/mipsel-rs90-linux-musl/sysroot/lib/crt1.o
LOAD /opt/rs90-toolchain/mipsel-rs90-linux-musl/sysroot/lib/crti.o
LOAD /opt/rs90-toolchain/lib/gcc/mipsel-rs90-linux-musl/8.3.0/crtbegin.o
LOAD platform/opendingux/inputmap.o
LOAD platform/linux/emu.o
LOAD platform/linux/blit.o
LOAD platform/common/plat_sdl.o
LOAD platform/libpicofe/plat_sdl.o
LOAD platform/libpicofe/in_sdl.o
LOAD platform/libpicofe/plat_dummy.o
LOAD platform/common/main.o
LOAD platform/common/emu.o
LOAD platform/common/menu_pico.o
LOAD platform/common/config_file.o
LOAD platform/libpicofe/input.o
LOAD platform/libpicofe/readpng.o
LOAD platform/libpicofe/fonts.o
LOAD platform/libpicofe/linux/in_evdev.o
LOAD platform/libpicofe/linux/plat.o
LOAD platform/libpicofe/sndout.o
LOAD platform/libpicofe/sndout_sdl.o
LOAD platform/common/mp3.o
LOAD platform/common/mp3_dummy.o
LOAD unzip/unzip.o
LOAD pico/pico.o
LOAD pico/cart.o
LOAD pico/memory.o
LOAD pico/state.o
LOAD pico/sek.o
LOAD pico/z80if.o
LOAD pico/videoport.o
LOAD pico/draw2.o
LOAD pico/draw.o
LOAD pico/mode4.o
LOAD pico/misc.o
LOAD pico/eeprom.o
LOAD pico/patch.o
LOAD pico/debug.o
LOAD pico/media.o
LOAD pico/sms.o
LOAD pico/cd/mcd.o
LOAD pico/cd/memory.o
LOAD pico/cd/sek.o
LOAD pico/cd/cdc.o
LOAD pico/cd/cdd.o
LOAD pico/cd/cd_image.o
LOAD pico/cd/cue.o
LOAD pico/cd/gfx.o
LOAD pico/cd/gfx_dma.o
LOAD pico/cd/misc.o
LOAD pico/cd/pcm.o
LOAD pico/32x/32x.o
LOAD pico/32x/memory.o
LOAD pico/32x/draw.o
LOAD pico/32x/sh2soc.o
LOAD pico/32x/pwm.o
LOAD pico/pico/pico.o
LOAD pico/pico/memory.o
LOAD pico/pico/xpcm.o
LOAD pico/carthw/carthw.o
LOAD pico/carthw/eeprom_spi.o
LOAD pico/carthw/svp/svp.o
LOAD pico/carthw/svp/memory.o
LOAD pico/carthw/svp/ssp16.o
LOAD pico/sound/sound.o
LOAD pico/sound/sn76496.o
LOAD pico/sound/ym2612.o
LOAD pico/sound/mix.o
LOAD cpu/fame/famec.o
LOAD cpu/cz80/cz80.o
LOAD cpu/drc/cmn.o
LOAD cpu/sh2/sh2.o
LOAD cpu/sh2/mame/sh2pico.o
LOAD /opt/rs90-toolchain/mipsel-rs90-linux-musl/sysroot/usr/bin/../../usr/lib/libSDL.so
LOAD /opt/rs90-toolchain/mipsel-rs90-linux-musl/sysroot/usr/bin/../../usr/lib/libpthread.a
LOAD /opt/rs90-toolchain/mipsel-rs90-linux-musl/sysroot/usr/bin/../../usr/lib/libpng.so
LOAD /opt/rs90-toolchain/mipsel-rs90-linux-musl/sysroot/usr/bin/../../usr/lib/libm.a
LOAD /opt/rs90-toolchain/mipsel-rs90-linux-musl/sysroot/usr/bin/../../usr/lib/libz.so
LOAD /opt/rs90-toolchain/lib/gcc/mipsel-rs90-linux-musl/8.3.0/libgcc.a
LOAD /opt/rs90-toolchain/mipsel-rs90-linux-musl/sysroot/usr/bin/../../usr/lib/libgcc_s.so
START GROUP
LOAD /opt/rs90-toolchain/mipsel-rs90-linux-musl/sysroot/usr/bin/../../usr/lib/libgcc_s.so.1
LOAD /opt/rs90-toolchain/lib/gcc/mipsel-rs90-linux-musl/8.3.0/libgcc.a
END GROUP
LOAD /opt/rs90-toolchain/mipsel-rs90-linux-musl/sysroot/usr/bin/../../usr/lib/libc.so
LOAD /opt/rs90-toolchain/lib/gcc/mipsel-rs90-linux-musl/8.3.0/libgcc.a
LOAD /opt/rs90-toolchain/mipsel-rs90-linux-musl/sysroot/usr/bin/../../usr/lib/libgcc_s.so
START GROUP
LOAD /opt/rs90-toolchain/mipsel-rs90-linux-musl/sysroot/usr/bin/../../usr/lib/libgcc_s.so.1
LOAD /opt/rs90-toolchain/lib/gcc/mipsel-rs90-linux-musl/8.3.0/libgcc.a
END GROUP
LOAD /opt/rs90-toolchain/lib/gcc/mipsel-rs90-linux-musl/8.3.0/crtend.o
LOAD /opt/rs90-toolchain/mipsel-rs90-linux-musl/sysroot/lib/crtn.o
                [!provide]                        PROVIDE (__executable_start = SEGMENT_START ("text-segment", 0x400000))
                0x0000000000400174                . = (SEGMENT_START ("text-segment", 0x400000) + SIZEOF_HEADERS)

.interp         0x0000000000400174       0x1c
 *(.interp)
 .interp        0x0000000000400174       0x1c /opt/rs90-toolchain/mipsel-rs90-linux-musl/sysroot/lib/crt1.o

.MIPS.abiflags  0x0000000000400190       0x18
 *(.MIPS.abiflags)
 .MIPS.abiflags
                0x0000000000400190       0x18 /opt/rs90-toolchain/mipsel-rs90-linux-musl/sysroot/lib/crt1.o

.reginfo        0x00000000004001a8       0x18
 *(.reginfo)
 .reginfo       0x00000000004001a8       0x18 /opt/rs90-toolchain/mipsel-rs90-linux-musl/sysroot/lib/crt1.o

.note.gnu.build-id
 *(.note.gnu.build-id)

.dynamic        0x00000000004001c0      0x130
 *(.dynamic)
 .dynamic       0x00000000004001c0      0x130 /opt/rs90-toolchain/mipsel-rs90-linux-musl/sysroot/lib/crt1.o
                0x00000000004001c0                _DYNAMIC

.hash           0x00000000004002f0      0x480
 *(.hash)
 .hash          0x00000000004002f0      0x480 /opt/rs90-toolchain/mipsel-rs90-linux-musl/sysroot/lib/crt1.o

.gnu.hash
 *(.gnu.hash)

.dynsym         0x0000000000400770      0x9b0
 *(.dynsym)
 .dynsym        0x0000000000400770      0x9b0 /opt/rs90-toolchain/mipsel-rs90-linux-musl/sysroot/lib/crt1.o

.dynstr         0x0000000000401120      0x697
 *(.dynstr)
 .dynstr        0x0000000000401120      0x697 /opt/rs90-toolchain/mipsel-rs90-linux-musl/sysroot/lib/crt1.o

.gnu.version    0x00000000004017b8      0x136
 *(.gnu.version)
 .gnu.version   0x00000000004017b8      0x136 /opt/rs90-toolchain/mipsel-rs90-linux-musl/sysroot/lib/crt1.o

.gnu.version_d  0x00000000004018f0        0x0
 *(.gnu.version_d)
 .gnu.version_d
                0x00000000004018f0        0x0 /opt/rs90-toolchain/mipsel-rs90-linux-musl/sysroot/lib/crt1.o

.gnu.version_r  0x00000000004018f0       0x20
 *(.gnu.version_r)
 .gnu.version_r
                0x00000000004018f0       0x20 /opt/rs90-toolchain/mipsel-rs90-linux-musl/sysroot/lib/crt1.o

.rel.dyn        0x0000000000401910       0x10
 *(.rel.init)
 *(.rel.text .rel.text.* .rel.gnu.linkonce.t.*)
 *(.rel.fini)
 *(.rel.rodata .rel.rodata.* .rel.gnu.linkonce.r.*)
 *(.rel.data.rel.ro .rel.data.rel.ro.* .rel.gnu.linkonce.d.rel.ro.*)
 .rel.data.rel.ro
                0x0000000000401910        0x0 /opt/rs90-toolchain/mipsel-rs90-linux-musl/sysroot/lib/crt1.o
 *(.rel.data .rel.data.* .rel.gnu.linkonce.d.*)
 *(.rel.tdata .rel.tdata.* .rel.gnu.linkonce.td.*)
 *(.rel.tbss .rel.tbss.* .rel.gnu.linkonce.tb.*)
 *(.rel.ctors)
 *(.rel.dtors)
 *(.rel.got)
 *(.rel.dyn)
 .rel.dyn       0x0000000000401910       0x10 /opt/rs90-toolchain/mipsel-rs90-linux-musl/sysroot/lib/crt1.o
 *(.rel.sdata .rel.sdata.* .rel.gnu.linkonce.s.*)
 *(.rel.sbss .rel.sbss.* .rel.gnu.linkonce.sb.*)
 *(.rel.sdata2 .rel.sdata2.* .rel.gnu.linkonce.s2.*)
 *(.rel.sbss2 .rel.sbss2.* .rel.gnu.linkonce.sb2.*)
 *(.rel.bss .rel.bss.* .rel.gnu.linkonce.b.*)
 .rel.bss       0x0000000000401920        0x0 /opt/rs90-toolchain/mipsel-rs90-linux-musl/sysroot/lib/crt1.o
                [!provide]                        PROVIDE (__rel_iplt_start = .)
 *(.rel.iplt)
                [!provide]                        PROVIDE (__rel_iplt_end = .)

.rela.dyn       0x0000000000401920        0x0
 *(.rela.init)
 *(.rela.text .rela.text.* .rela.gnu.linkonce.t.*)
 *(.rela.fini)
 *(.rela.rodata .rela.rodata.* .rela.gnu.linkonce.r.*)
 *(.rela.data .rela.data.* .rela.gnu.linkonce.d.*)
 *(.rela.tdata .rela.tdata.* .rela.gnu.linkonce.td.*)
 *(.rela.tbss .rela.tbss.* .rela.gnu.linkonce.tb.*)
 *(.rela.ctors)
 *(.rela.dtors)
 *(.rela.got)
 *(.rela.sdata .rela.sdata.* .rela.gnu.linkonce.s.*)
 *(.rela.sbss .rela.sbss.* .rela.gnu.linkonce.sb.*)
 *(.rela.sdata2 .rela.sdata2.* .rela.gnu.linkonce.s2.*)
 *(.rela.sbss2 .rela.sbss2.* .rela.gnu.linkonce.sb2.*)
 *(.rela.bss .rela.bss.* .rela.gnu.linkonce.b.*)
                [!provide]                        PROVIDE (__rela_iplt_start = .)
 *(.rela.iplt)
                [!provide]                        PROVIDE (__rela_iplt_end = .)

.rel.plt        0x0000000000401920      0x478
 *(.rel.plt)
 .rel.plt       0x0000000000401920      0x478 /opt/rs90-toolchain/mipsel-rs90-linux-musl/sysroot/lib/crt1.o

.rela.plt
 *(.rela.plt)

.init           0x0000000000401d98       0x5c
 *(SORT_NONE(.init))
 .init          0x0000000000401d98        0xc /opt/rs90-toolchain/mipsel-rs90-linux-musl/sysroot/lib/crti.o
                0x0000000000401d98                _init
 .init          0x0000000000401da4       0x20 /opt/rs90-toolchain/lib/gcc/mipsel-rs90-linux-musl/8.3.0/crtbegin.o
 .init          0x0000000000401dc4       0x20 /opt/rs90-toolchain/lib/gcc/mipsel-rs90-linux-musl/8.3.0/crtend.o
 .init          0x0000000000401de4       0x10 /opt/rs90-toolchain/mipsel-rs90-linux-musl/sysroot/lib/crtn.o

.text           0x0000000000401e00    0xc3880
                0x0000000000401e00                _ftext = .
 *(.text.unlikely .text.*_unlikely .text.unlikely.*)
 *(.text.exit .text.exit.*)
 *(.text.startup .text.startup.*)
 .text.startup  0x0000000000401e00      0x1b0 platform/common/main.o
                0x0000000000401e00                main
 *(.text.hot .text.hot.*)
 *(.text .stub .text.* .gnu.linkonce.t.*)
 .text          0x0000000000401fb0       0x40 /opt/rs90-toolchain/mipsel-rs90-linux-musl/sysroot/lib/crt1.o
                0x0000000000401fb0                __start
                0x0000000000401fb0                _start
 .text._start_c
                0x0000000000401ff0       0x3c /opt/rs90-toolchain/mipsel-rs90-linux-musl/sysroot/lib/crt1.o
                0x0000000000401ff0                _start_c
 *fill*         0x000000000040202c        0x4 
 .text          0x0000000000402030        0x0 /opt/rs90-toolchain/mipsel-rs90-linux-musl/sysroot/lib/crti.o
 .text          0x0000000000402030      0x1a0 /opt/rs90-toolchain/lib/gcc/mipsel-rs90-linux-musl/8.3.0/crtbegin.o
 .text          0x00000000004021d0        0x0 platform/opendingux/inputmap.o
 .text          0x00000000004021d0      0x810 platform/linux/emu.o
                0x00000000004021d0                pemu_prep_defconfig
                0x00000000004021d8                pemu_validate_config
                0x00000000004021f4                pemu_finalize_frame
                0x000000000040244c                plat_video_toggle_renderer
                0x0000000000402614                plat_status_msg_clear
                0x000000000040264c                plat_status_msg_busy_next
                0x00000000004026d8                plat_status_msg_busy_first
                0x0000000000402764                plat_update_volume
                0x000000000040276c                pemu_forced_frame
                0x00000000004027e8                pemu_sound_start
                0x00000000004027f0                plat_debug_cat
                0x00000000004027f8                emu_video_mode_change
                0x0000000000402828                pemu_loop_prep
                0x000000000040292c                pemu_loop_end
                0x0000000000402990                plat_wait_till_us
                0x00000000004029d0                plat_mem_get_for_drc
 .text          0x00000000004029e0      0x2a0 platform/linux/blit.o
                0x00000000004029e0                bgr444_to_rgb32
                0x0000000000402a2c                bgr444_to_rgb32_sh
                0x0000000000402ac4                vidcpy_m2
                0x0000000000402c5c                vidcpy_m2_rot
                0x0000000000402c64                rotated_blit8
                0x0000000000402c6c                rotated_blit16
 .text          0x0000000000402c80      0xe50 platform/common/plat_sdl.o
                0x0000000000402c90                bgr_to_uyvy_init
                0x0000000000402e98                rgb565_to_uyvy
                0x0000000000403010                plat_quick_copy
                0x0000000000403058                plat_video_wait_vsync
                0x0000000000403060                plat_video_menu_enter
                0x000000000040309c                plat_video_menu_begin
                0x0000000000403130                plat_video_menu_end
                0x0000000000403220                plat_video_menu_leave
                0x0000000000403228                plat_video_loop_prepare
                0x00000000004032ec                plat_early_init
                0x00000000004032f4                plat_init
                0x000000000040342c                plat_finish
                0x0000000000403470                downscale_224to160_crop
                0x0000000000403560                downscale_224to160
                0x0000000000403984                plat_video_flip
 .text          0x0000000000403ad0      0xad0 platform/libpicofe/plat_sdl.o
                0x0000000000403ad0                plat_sdl_change_video_mode
                0x0000000000403f54                plat_sdl_event_handler
                0x0000000000404084                plat_sdl_init
                0x00000000004044b4                plat_sdl_finish
                0x000000000040453c                plat_sdl_overlay_clear
 .text          0x00000000004045a0      0x8a0 platform/libpicofe/in_sdl.o
                0x0000000000404dd8                in_sdl_init
 .text          0x0000000000404e40       0x20 platform/libpicofe/plat_dummy.o
                0x0000000000404e40                plat_target_init
                0x0000000000404e48                plat_target_finish
                0x0000000000404e50                plat_target_setup_input
 .text          0x0000000000404e60      0x250 platform/common/main.o
                0x0000000000404e60                parse_cmd_line
 .text          0x00000000004050b0     0x46a0 platform/common/emu.o
                0x0000000000405530                emu_status_msg
                0x00000000004055bc                emu_get_game_name
                0x0000000000405654                emu_swap_cd
                0x00000000004056dc                emu_make_path
                0x0000000000405790                emu_prep_defconfig
                0x0000000000405820                emu_set_defconfig
                0x0000000000405890                emu_read_config
                0x0000000000406348                emu_write_config
                0x0000000000406460                emu_text_out8
                0x0000000000406584                emu_text_out16
                0x00000000004066a4                emu_text_out8_rot
                0x0000000000406844                emu_text_out16_rot
                0x00000000004069d8                emu_osd_text16
                0x0000000000406a9c                emu_get_save_fname
                0x0000000000406fe8                emu_check_save_file
                0x0000000000407350                emu_save_load_game
                0x0000000000407798                emu_reload_rom
                0x0000000000408148                emu_set_fastforward
                0x000000000040825c                emu_32x_startup
                0x00000000004083c8                emu_reset_game
                0x00000000004083f0                run_events_pico
                0x0000000000408658                emu_update_input
                0x0000000000408c68                emu_cmn_forced_frame
                0x0000000000408dbc                emu_init
                0x0000000000408f40                emu_finish
                0x0000000000408fd8                emu_sound_start
                0x00000000004090c0                emu_sound_stop
                0x00000000004090d0                emu_sound_wait
                0x00000000004090e0                emu_loop
 .text          0x0000000000409750     0x7f60 platform/common/menu_pico.o
                0x000000000040bd68                menuscreen_memset_lines
                0x000000000040bde8                text_out16
                0x000000000040fbec                menu_init_base
                0x0000000000410024                menu_romload_prepare
                0x000000000041020c                menu_romload_end
                0x00000000004102c0                menu_loop
                0x0000000000410798                menu_loop_tray
                0x00000000004110e8                menu_update_msg
                0x0000000000411138                me_list_get_first
                0x0000000000411154                me_list_get_next
                0x000000000041122c                menu_init
 .text          0x00000000004116b0     0x1740 platform/common/config_file.o
                0x0000000000411990                config_write
                0x0000000000411dcc                config_writelrom
                0x0000000000411fbc                config_readlrom
                0x0000000000412134                config_readsect
                0x0000000000412d6c                config_get_var_val
 .text          0x0000000000412df0     0x2be0 platform/libpicofe/input.o
                0x0000000000412ee8                in_register
                0x0000000000413318                in_combos_find
                0x00000000004133c8                in_combos_do
                0x00000000004134e4                in_probe
                0x0000000000413c14                in_update
                0x0000000000413d1c                in_update_analog
                0x0000000000413d70                in_update_keycode
                0x000000000041444c                in_menu_wait_any
                0x00000000004144fc                in_menu_wait
                0x00000000004146b4                in_get_dev_binds
                0x00000000004146dc                in_get_dev_def_binds
                0x000000000041471c                in_get_config
                0x00000000004147ec                in_set_config
                0x0000000000414a18                in_get_dev_name
                0x0000000000414aa4                in_name_to_id
                0x0000000000414b34                in_get_key_name
                0x0000000000414cc8                in_get_key_code
                0x0000000000414d70                in_bind_key
                0x0000000000414ef4                in_unbind_all
                0x000000000041502c                in_config_parse_dev
                0x00000000004152e8                in_config_bind_key
                0x0000000000415584                in_clean_binds
                0x0000000000415654                in_debug_dump
                0x0000000000415740                in_register_driver
                0x0000000000415988                in_init
 .text          0x00000000004159d0      0x8d0 platform/libpicofe/readpng.o
                0x00000000004159d0                readpng
                0x0000000000415fcc                writepng
 .text          0x00000000004162a0      0x4a0 platform/libpicofe/fonts.o
                0x00000000004162a0                basic_text_out16_nf
                0x00000000004164b8                basic_text_out_uyvy_nf
                0x00000000004166b4                basic_text_out16
 .text          0x0000000000416740      0xf10 platform/libpicofe/linux/in_evdev.o
                0x00000000004175fc                in_evdev_init
 .text          0x0000000000417650      0x940 platform/libpicofe/linux/plat.o
                0x0000000000417650                plat_is_dir
                0x000000000041768c                plat_get_skin_dir
                0x0000000000417790                plat_get_root_dir
                0x00000000004178e4                plat_get_ticks_ms
                0x0000000000417930                plat_get_ticks_us
                0x0000000000417968                plat_sleep_ms
                0x0000000000417980                plat_wait_event
                0x0000000000417b34                plat_mmap
                0x0000000000417d1c                plat_mremap
                0x0000000000417e04                plat_munmap
                0x0000000000417eb8                plat_mem_set_exec
                0x0000000000417f54                lprintf
 .text          0x0000000000417f90       0xe0 platform/libpicofe/sndout.o
                0x0000000000417fc0                sndout_init
 .text          0x0000000000418070      0x430 platform/libpicofe/sndout_sdl.o
                0x0000000000418188                sndout_sdl_init
                0x00000000004181ac                sndout_sdl_start
                0x00000000004182c8                sndout_sdl_stop
                0x00000000004182f4                sndout_sdl_wait
                0x000000000041835c                sndout_sdl_write_nb
                0x0000000000418440                sndout_sdl_exit
 .text          0x00000000004184a0      0x750 platform/common/mp3.o
                0x00000000004184a0                mp3_find_sync_word
                0x000000000041853c                mp3_get_bitrate
                0x00000000004187c8                mp3_start_play
                0x0000000000418a08                mp3_update
 .text          0x0000000000418bf0       0x10 platform/common/mp3_dummy.o
                0x0000000000418bf0                mp3dec_start
                0x0000000000418bf8                mp3dec_decode
 .text          0x0000000000418c00      0xc70 unzip/unzip.o
                0x0000000000418c00                openzip
                0x0000000000419004                readzip
                0x0000000000419258                closezip
                0x00000000004192b4                suspendzip
                0x00000000004192f4                rewindzip
                0x00000000004192fc                seekcompresszip
                0x0000000000419408                readcompresszip
                0x0000000000419570                readuncompresszip
 .text          0x0000000000419870     0x1840 pico/pico.o
                0x0000000000419870                PicoInit
                0x0000000000419920                PicoExit
                0x0000000000419980                PicoDetectRegion
                0x0000000000419c34                PicoReset
                0x0000000000419e34                PicoPower
                0x0000000000419f6c                PicoLoopPrepare
                0x0000000000419fd4                CheckDMA
                0x000000000041a0c0                PicoSyncZ80
                0x000000000041a120                PicoFrame
                0x000000000041afdc                PicoFrameDrawOnly
                0x000000000041b01c                PicoGetInternal
 .text          0x000000000041b0b0     0x2b50 pico/cart.o
                0x000000000041c4b4                pm_open
                0x000000000041c9b4                pm_read
                0x000000000041ce38                pm_seek
                0x000000000041d09c                pm_close
                0x000000000041d14c                Byteswap
                0x000000000041d1a4                PicoCartLoad
                0x000000000041d6d4                PicoCartInsert
                0x000000000041db08                PicoCartResize
                0x000000000041db70                PicoCartUnload
 .text          0x000000000041dc00     0x3810 pico/memory.o
                0x000000000041dc10                m68k_read8
                0x000000000041dc54                m68k_read16
                0x000000000041dc94                m68k_read32
                0x000000000041dd38                m68k_write8
                0x000000000041dd7c                m68k_write16
                0x000000000041ddbc                m68k_write32
                0x000000000041e380                PicoRead8_vdp
                0x000000000041e9e4                z80_map_set
                0x000000000041eae4                cpu68k_map_set
                0x000000000041ec7c                cpu68k_map_all_ram
                0x000000000041ed80                m68k_map_unmap
                0x000000000041ee74                PicoSetInputDevice
                0x000000000041eec8                io_ports_read
                0x000000000041ef38                PicoRead8_io
                0x000000000041efb8                PicoRead16_io
                0x000000000041f058                io_ports_write
                0x000000000041f0e4                ctl_write_z80busreq
                0x000000000041f18c                ctl_write_z80reset
                0x000000000041f26c                PicoWrite8_io
                0x000000000041f2d8                PicoWrite16_io
                0x000000000041f340                PicoMemSetup
                0x0000000000420154                ym2612_sync_timers
                0x0000000000420fc4                ym2612_pack_state
                0x0000000000421164                ym2612_unpack_state
 .text          0x0000000000421410     0x4490 pico/state.o
                0x00000000004248b8                PicoState
                0x0000000000424b1c                PicoStateFP
                0x0000000000424b60                PicoStateLoadGfx
                0x000000000042535c                PicoTmpStateSave
                0x00000000004255c8                PicoTmpStateRestore
 .text          0x00000000004258a0      0x730 pico/sek.o
                0x0000000000425914                SekInit
                0x0000000000425964                SekReset
                0x000000000042599c                SekStepM68k
                0x00000000004259ec                SekSetRealTAS
                0x00000000004259f4                SekPackCpu
                0x0000000000425aa8                SekUnpackCpu
                0x0000000000425b6c                SekInitIdleDet
                0x0000000000425c14                SekIsIdleReady
                0x0000000000425c30                SekIsIdleCode
                0x0000000000425dc0                SekRegisterIdlePatch
                0x0000000000425ec4                SekFinishIdleDet
 .text          0x0000000000425fd0      0x3e0 pico/z80if.o
                0x0000000000425fd0                z80_init
                0x0000000000426020                z80_reset
                0x0000000000426070                z80_pack
                0x00000000004261e0                z80_unpack
                0x0000000000426378                z80_exit
                0x0000000000426380                z80_debug
 .text          0x00000000004263b0     0x1170 pico/videoport.o
                0x0000000000426b58                PicoVideoWrite
                0x0000000000427214                PicoVideoRead
                0x0000000000427348                PicoVideoRead8DataH
                0x00000000004273d4                PicoVideoRead8DataL
                0x000000000042745c                PicoVideoRead8CtlH
                0x0000000000427470                PicoVideoRead8CtlL
                0x00000000004274b0                PicoVideoRead8HV_H
                0x00000000004274bc                PicoVideoRead8HV_L
 .text          0x0000000000427520     0x1390 pico/draw2.o
                0x00000000004283f0                PicoFrameFull
                0x000000000042889c                PicoDraw2Init
 .text          0x00000000004288b0     0x4b50 pico/draw.o
                0x000000000042b1a8                FinalizeLine555
                0x000000000042ca38                blockcpy_or
                0x000000000042cb38                BackFill
                0x000000000042cb64                PicoDoHighPal555
                0x000000000042cc9c                PicoFrameStart
                0x000000000042ce28                PicoDrawSync
                0x000000000042d05c                PicoDrawUpdateHighPal
                0x000000000042d244                PicoDrawSetOutFormat
                0x000000000042d2e8                PicoDrawSetOutBuf
                0x000000000042d314                PicoDrawSetInternalBuf
                0x000000000042d364                PicoDrawSetCallbacks
                0x000000000042d3c4                PicoDrawInit
 .text          0x000000000042d400     0x1350 pico/mode4.o
                0x000000000042ddb0                PicoFrameStartMode4
                0x000000000042debc                PicoLineMode4
                0x000000000042e284                PicoDoHighPal555M4
                0x000000000042e708                PicoDrawSetOutputMode4
 .text          0x000000000042e750      0x1b0 pico/misc.o
                0x000000000042e750                memcpy16bswap
                0x000000000042e784                memset32
                0x000000000042e840                memset32_uncached
 .text          0x000000000042e900      0x5f0 pico/eeprom.o
                0x000000000042ebfc                EEPROM_write16
                0x000000000042ecd4                EEPROM_write8
                0x000000000042edd4                EEPROM_read
 .text          0x000000000042eef0     0x10d0 pico/patch.o
                0x000000000042eef0                genie_decode_ms
                0x000000000042f0e8                ar_decode_ms
                0x000000000042f248                fusion_ram_decode
                0x000000000042f3a8                fusion_rom_decode
                0x000000000042f54c                decode
                0x000000000042f9d0                PicoPatchUnload
                0x000000000042fa0c                PicoPatchLoad
                0x000000000042fcc8                PicoPatchPrepare
                0x000000000042fdf0                PicoPatchApply
 .text          0x000000000042ffc0     0x1a90 pico/debug.o
                0x000000000042ffc0                PDebugMain
                0x00000000004303d4                PDebug32x
                0x0000000000430720                PDebugSpriteList
                0x0000000000430888                PDebugShowSpriteStats
                0x0000000000430a30                PDebugShowPalette
                0x0000000000430bd0                PDebugShowSprite
                0x0000000000430e04                PDebugDumpMem
                0x000000000043176c                PDebugZ80Frame
                0x0000000000431a20                PDebugCPUStep
 .text          0x0000000000431a50      0xbf0 pico/media.o
                0x0000000000431a50                PicoCdCheck
                0x0000000000431eb0                PicoLoadMedia
 .text          0x0000000000432640      0xb50 pico/sms.o
                0x0000000000432ba4                PicoResetMS
                0x0000000000432bc0                PicoPowerMS
                0x0000000000432c94                PicoMemSetupMS
                0x0000000000432ddc                PicoStateLoadedMS
                0x0000000000432ec4                PicoFrameMS
                0x0000000000433144                PicoFrameDrawOnlyMS
 .text          0x0000000000433190     0x2050 pico/cd/mcd.o
                0x00000000004336e8                PicoInitMCD
                0x00000000004336f0                PicoExitMCD
                0x00000000004336f8                PicoPowerMCD
                0x0000000000433870                pcd_soft_reset
                0x00000000004339bc                PicoResetMCD
                0x0000000000433a4c                pcd_cycles_m68k_to_s68k
                0x0000000000433a70                pcd_event_schedule
                0x0000000000433ad4                pcd_event_schedule_s68k
                0x0000000000433b6c                pcd_sync_s68k
                0x00000000004340ac                pcd_run_cpus
                0x000000000043420c                pcd_run_cpus_lockstep
                0x00000000004342c4                pcd_prepare_frame
                0x0000000000434330                PicoFrameMCD
                0x0000000000434efc                pcd_state_loaded
 .text          0x00000000004351e0     0x3480 pico/cd/memory.o
                0x00000000004351e0                s68k_read8
                0x0000000000435224                s68k_read16
                0x0000000000435264                s68k_read32
                0x0000000000435308                s68k_write8
                0x000000000043534c                s68k_write16
                0x000000000043538c                s68k_write32
                0x00000000004364f0                PicoWrite8_mcd_io
                0x0000000000436510                PicoWrite16_mcd_io
                0x000000000043795c                m68k_comm_check
                0x0000000000437bf8                PicoRead8_mcd_io
                0x0000000000437c44                PicoRead16_mcd_io
                0x0000000000437c64                s68k_poll_detect
                0x0000000000437d10                s68k_reg_write16
                0x0000000000437fe4                pcd_state_loaded_mem
                0x000000000043813c                PicoMemSetupCD
 .text          0x0000000000438660      0x190 pico/cd/sek.o
                0x00000000004386b8                SekInitS68k
                0x0000000000438708                SekResetS68k
                0x0000000000438740                SekInterruptS68k
                0x0000000000438794                SekInterruptClearS68k
 .text          0x00000000004387f0      0xfc0 pico/cd/cdc.o
                0x00000000004387f0                cdc_init
                0x0000000000438804                cdc_reset
                0x000000000043884c                cdc_context_save
                0x00000000004388f0                cdc_context_load
                0x00000000004389c4                cdc_context_load_old
                0x0000000000438b74                cdc_dma_update
                0x0000000000438ee8                cdc_decoder_update
                0x000000000043900c                cdc_reg_w
                0x0000000000439430                cdc_reg_r
                0x0000000000439680                cdc_host_r
 .text          0x00000000004397b0     0x1b50 pico/cd/cdd.o
                0x00000000004397b0                cdd_reset
                0x00000000004397dc                cdd_context_save
                0x0000000000439864                cdd_context_load
                0x00000000004399b4                cdd_context_load_old
                0x00000000004399d0                cdd_unload
                0x0000000000439b20                cdd_load
                0x0000000000439ffc                cdd_read_data
                0x000000000043a08c                cdd_update
                0x000000000043a448                cdd_process
 .text          0x000000000043b300      0x9d0 pico/cd/cd_image.o
                0x000000000043b428                load_cd_image
 .text          0x000000000043bcd0     0x12b0 pico/cd/cue.o
                0x000000000043bde8                cue_parse
                0x000000000043cf08                cue_destroy
 .text          0x000000000043cf80      0xae0 pico/cd/gfx.o
                0x000000000043cf80                gfx_init
                0x000000000043d34c                gfx_context_save
                0x000000000043d404                gfx_context_load
                0x000000000043d4b4                gfx_start
                0x000000000043d66c                gfx_update
 .text          0x000000000043da60      0x300 pico/cd/gfx_dma.o
                0x000000000043da60                DmaSlowCell
 .text          0x000000000043dd60       0x80 pico/cd/misc.o
                0x000000000043dd60                wram_2M_to_1M
                0x000000000043dda0                wram_1M_to_2M
 .text          0x000000000043dde0      0x620 pico/cd/pcm.o
                0x000000000043dde0                pcd_pcm_sync
                0x000000000043e058                pcd_pcm_write
                0x000000000043e1ac                pcd_pcm_read
                0x000000000043e268                pcd_pcm_update
 .text          0x000000000043e400     0x2870 pico/32x/32x.o
                0x000000000043e9e4                p32x_update_irls
                0x000000000043eb74                p32x_trigger_irq
                0x000000000043ebc4                p32x_update_cmd_irq
                0x000000000043ec34                Pico32xStartup
                0x000000000043ed28                p32x_reset_sh2s
                0x000000000043ef10                Pico32xInit
                0x000000000043ef6c                PicoPower32x
                0x000000000043efac                PicoUnload32x
                0x000000000043f010                PicoReset32x
                0x000000000043f0d4                p32x_schedule_hint
                0x000000000043f1e8                p32x_event_schedule
                0x000000000043f228                p32x_event_schedule_sh2
                0x000000000043f2c0                p32x_sync_other_sh2
                0x000000000043f3d0                p32x_sync_sh2s
                0x000000000043f3fc                sync_sh2s_lockstep
                0x000000000043f494                PicoFrame32x
                0x0000000000440a00                Pico32xSetClocks
                0x0000000000440af0                Pico32xStateLoaded
 .text          0x0000000000440c70     0x3d10 pico/32x/memory.o
                0x0000000000442d80                p32x_m68k_poll_event
                0x0000000000442dc8                p32x_sh2_poll_event
                0x0000000000442e08                PicoRead8_32x
                0x0000000000442e78                PicoRead16_32x
                0x0000000000442edc                PicoWrite8_32x
                0x0000000000442fb0                PicoWrite16_32x
                0x000000000044307c                p32x_sh2_read8
                0x00000000004430b8                p32x_sh2_read16
                0x00000000004430f8                p32x_sh2_read32
                0x00000000004431dc                p32x_sh2_write8
                0x00000000004431f8                p32x_sh2_write16
                0x0000000000443214                p32x_sh2_write32
                0x0000000000443294                Pico32xSwapDRAM
                0x0000000000443c70                PicoMemSetup32x
                0x00000000004447f8                p32x_update_banks
                0x00000000004448b8                Pico32xMemStateLoaded
 .text          0x0000000000444980     0x1690 pico/32x/draw.o
                0x00000000004458b0                FinalizeLine32xRGB555
                0x0000000000445b6c                PicoDraw32xLayer
                0x0000000000445dac                PicoDraw32xLayerMdOnly
                0x0000000000445f90                PicoDrawSetOutFormat32x
 .text          0x0000000000446010     0x10b0 pico/32x/sh2soc.o
                0x0000000000446844                p32x_timers_recalc
                0x00000000004468d0                p32x_timers_do
                0x0000000000446a38                sh2_peripheral_reset
                0x0000000000446a8c                sh2_peripheral_read8
                0x0000000000446aa0                sh2_peripheral_read16
                0x0000000000446ab4                sh2_peripheral_read32
                0x0000000000446ac4                sh2_peripheral_write8
                0x0000000000446bd4                sh2_peripheral_write16
                0x0000000000446c84                sh2_peripheral_write32
                0x0000000000446ec8                p32x_dreq0_trigger
                0x0000000000446f58                p32x_dreq1_trigger
 .text          0x00000000004470c0      0xe20 pico/32x/pwm.o
                0x00000000004473ac                p32x_pwm_ctl_changed
                0x0000000000447424                p32x_pwm_schedule
                0x0000000000447528                p32x_pwm_schedule_sh2
                0x0000000000447654                p32x_pwm_sync_to_sh2
                0x00000000004476b8                p32x_pwm_irq_event
                0x00000000004477bc                p32x_pwm_read16
                0x00000000004478c8                p32x_pwm_write16
                0x0000000000447b74                p32x_pwm_update
                0x0000000000447dec                p32x_pwm_state_loaded
 .text          0x0000000000447ee0      0x2a0 pico/pico/pico.o
                0x0000000000447ff0                PicoReratePico
                0x0000000000448074                PicoInitPico
 .text          0x0000000000448180      0x2a0 pico/pico/memory.o
                0x0000000000448360                PicoMemSetupPico
 .text          0x0000000000448420      0x480 pico/pico/xpcm.o
                0x0000000000448420                PicoPicoPCMReset
                0x0000000000448450                PicoPicoPCMRerate
                0x0000000000448474                PicoPicoPCMUpdate
 .text          0x00000000004488a0     0x2270 pico/carthw/carthw.o
                0x00000000004494ac                carthw_ssf2_write8
                0x00000000004495d0                carthw_ssf2_write16
                0x000000000044a3c8                carthw_ssf2_startup
                0x000000000044a488                carthw_Xin1_startup
                0x000000000044a4f8                carthw_realtec_startup
                0x000000000044a5e8                carthw_radica_startup
                0x000000000044a658                carthw_pier_startup
                0x000000000044a828                carthw_sprot_new_location
                0x000000000044a9d8                carthw_sprot_startup
                0x000000000044aa28                carthw_prot_lk3_startup
 .text          0x000000000044ab10      0x3b0 pico/carthw/eeprom_spi.o
                0x000000000044ab10                eeprom_spi_init
                0x000000000044ab48                eeprom_spi_write
                0x000000000044aeac                eeprom_spi_read
 .text          0x000000000044aec0      0x250 pico/carthw/svp/svp.o
                0x000000000044afc0                PicoSVPInit
                0x000000000044afc8                PicoSVPStartup
 .text          0x000000000044b110      0x460 pico/carthw/svp/memory.o
                0x000000000044b3c8                PicoSVPMemSetup
 .text          0x000000000044b570     0x3060 pico/carthw/svp/ssp16.o
                0x000000000044c8d8                ssp1601_reset
                0x000000000044c900                ssp1601_run
 .text          0x000000000044e5d0      0xfa0 pico/sound/sound.o
                0x000000000044e89c                PsndStartFrame
                0x000000000044e918                PsndDoDAC
                0x000000000044e9e0                PsndDoPSG
                0x000000000044ea7c                cdda_start_play
                0x000000000044eb38                PsndClear
                0x000000000044ebf4                PsndRerate
                0x000000000044f1c0                PsndReset
                0x000000000044f208                PsndGetSamples
                0x000000000044f420                PsndGetSamplesMS
 .text          0x000000000044f570      0x690 pico/sound/sn76496.o
                0x000000000044f570                SN76496Write
                0x000000000044f718                SN76496Update
                0x000000000044fa48                SN76496_init
 .text          0x000000000044fc00     0x8cb0 pico/sound/ym2612.o
                0x0000000000451830                YM2612UpdateOne_
                0x0000000000454020                YM2612ResetChip_
                0x0000000000454224                YM2612Init_
                0x00000000004577d0                YM2612Write_
                0x0000000000458098                YM2612PicoStateLoad_
                0x00000000004581d0                YM2612PicoStateSave2
                0x00000000004584f0                YM2612PicoStateLoad2
                0x0000000000458898                YM2612GetRegs
 .text          0x00000000004588b0      0x190 pico/sound/mix.o
                0x00000000004588b0                mix_32_to_16l_stereo
                0x0000000000458918                mix_32_to_16_mono
                0x0000000000458964                mix_16h_to_32
                0x0000000000458998                mix_16h_to_32_s1
                0x00000000004589e8                mix_16h_to_32_s2
 .text          0x0000000000458a40    0x5ebb0 cpu/fame/famec.o
                0x0000000000458c2c                fm68k_get_pc
                0x0000000000458c34                fm68k_would_interrupt
                0x0000000000458c4c                fm68k_emulate
                0x00000000004b7500                fm68k_init
                0x00000000004b7524                fm68k_reset
                0x00000000004b75c4                fm68k_idle_install
                0x00000000004b75d4                fm68k_idle_remove
 .text          0x00000000004b75f0     0x7c00 cpu/cz80/cz80.o
                0x00000000004b75f8                Cz80_Init
                0x00000000004b7a94                Cz80_Reset
                0x00000000004b7ac4                Cz80_Exec
                0x00000000004beb3c                Cz80_Set_IRQ
                0x00000000004bee40                Cz80_Get_Reg
                0x00000000004bef10                Cz80_Set_Reg
                0x00000000004beffc                Cz80_Set_Fetch
                0x00000000004bf1c8                Cz80_Set_ReadB
                0x00000000004bf1d0                Cz80_Set_WriteB
                0x00000000004bf1d8                Cz80_Set_INPort
                0x00000000004bf1e0                Cz80_Set_OUTPort
                0x00000000004bf1e8                Cz80_Set_IRQ_Callback
 .text          0x00000000004bf1f0       0x80 cpu/drc/cmn.o
                0x00000000004bf1f0                drc_cmn_init
                0x00000000004bf268                drc_cmn_cleanup
 .text          0x00000000004bf270      0x3c0 cpu/sh2/sh2.o
                0x00000000004bf270                sh2_init
                0x00000000004bf2d4                sh2_finish
                0x00000000004bf2dc                sh2_reset
                0x00000000004bf32c                sh2_do_irq
                0x00000000004bf3e4                sh2_irl_irq
                0x00000000004bf520                sh2_internal_irq
                0x00000000004bf544                sh2_pack
                0x00000000004bf5b0                sh2_unpack
 .text          0x00000000004bf630     0x27c0 cpu/sh2/mame/sh2pico.o
                0x00000000004bfe78                sh2_execute_interpreter
 .text.stub.1   0x00000000004c1df0       0x10 linker stubs
                0x00000000004c1df8                .pic.__divdi3
 .text          0x00000000004c1e00      0x4b0 /opt/rs90-toolchain/lib/gcc/mipsel-rs90-linux-musl/8.3.0/libgcc.a(_divdi3.o)
                0x00000000004c1e00                __divdi3
 .text.stub.4   0x00000000004c22b0       0x10 linker stubs
                0x00000000004c22b8                .pic.__moddi3
 .text          0x00000000004c22c0      0x470 /opt/rs90-toolchain/lib/gcc/mipsel-rs90-linux-musl/8.3.0/libgcc.a(_moddi3.o)
                0x00000000004c22c0                __moddi3
 .text.stub.7   0x00000000004c2730       0x10 linker stubs
                0x00000000004c2738                .pic.__addsf3
 .text          0x00000000004c2740      0x580 /opt/rs90-toolchain/lib/gcc/mipsel-rs90-linux-musl/8.3.0/libgcc.a(addsf3.o)
                0x00000000004c2740                __addsf3
 .text.stub.14  0x00000000004c2cc0       0x10 linker stubs
                0x00000000004c2cc8                .pic.__divsf3
 .text          0x00000000004c2cd0      0x460 /opt/rs90-toolchain/lib/gcc/mipsel-rs90-linux-musl/8.3.0/libgcc.a(divsf3.o)
                0x00000000004c2cd0                __divsf3
 .text.stub.6   0x00000000004c3130       0x10 linker stubs
                0x00000000004c3138                .pic.__mulsf3
 .text          0x00000000004c3140      0x3b0 /opt/rs90-toolchain/lib/gcc/mipsel-rs90-linux-musl/8.3.0/libgcc.a(mulsf3.o)
                0x00000000004c3140                __mulsf3
 .text.stub.9   0x00000000004c34f0       0x10 linker stubs
                0x00000000004c34f8                .pic.(float, int, long long, short, float, short, int)
 .text          0x00000000004c3500       0x80 /opt/rs90-toolchain/lib/gcc/mipsel-rs90-linux-musl/8.3.0/libgcc.a(fixsfsi.o)
                0x00000000004c3500                __fixsfsi
 .text.stub.2   0x00000000004c3580       0x10 linker stubs
                0x00000000004c3588                .pic.__floatsisf
 .text          0x00000000004c3590      0x150 /opt/rs90-toolchain/lib/gcc/mipsel-rs90-linux-musl/8.3.0/libgcc.a(floatsisf.o)
                0x00000000004c3590                __floatsisf
 .text.stub.11  0x00000000004c36e0       0x10 linker stubs
                0x00000000004c36e8                .pic.__adddf3
 .text          0x00000000004c36f0      0x9d0 /opt/rs90-toolchain/lib/gcc/mipsel-rs90-linux-musl/8.3.0/libgcc.a(adddf3.o)
                0x00000000004c36f0                __adddf3
 .text.stub.12  0x00000000004c40c0       0x10 linker stubs
                0x00000000004c40c8                .pic.__divdf3
 .text          0x00000000004c40d0      0x850 /opt/rs90-toolchain/lib/gcc/mipsel-rs90-linux-musl/8.3.0/libgcc.a(divdf3.o)
                0x00000000004c40d0                __divdf3
 .text.stub.3   0x00000000004c4920       0x10 linker stubs
                0x00000000004c4928                .pic.__gtdf2
 .text          0x00000000004c4930      0x160 /opt/rs90-toolchain/lib/gcc/mipsel-rs90-linux-musl/8.3.0/libgcc.a(gedf2.o)
                0x00000000004c4930                __gtdf2
                0x00000000004c4930                __gedf2
 .text.stub.10  0x00000000004c4a90       0x10 linker stubs
                0x00000000004c4a98                .pic.__muldf3
 .text          0x00000000004c4aa0      0x610 /opt/rs90-toolchain/lib/gcc/mipsel-rs90-linux-musl/8.3.0/libgcc.a(muldf3.o)
                0x00000000004c4aa0                __muldf3
 .text.stub.16  0x00000000004c50b0       0x10 linker stubs
                0x00000000004c50b8                .pic.(float, int, long long, double, float, short, int)
 .text          0x00000000004c50c0       0x90 /opt/rs90-toolchain/lib/gcc/mipsel-rs90-linux-musl/8.3.0/libgcc.a(fixdfsi.o)
                0x00000000004c50c0                __fixdfsi
 .text.stub.8   0x00000000004c5150       0x10 linker stubs
                0x00000000004c5158                .pic.__fixunsdfsi
 .text          0x00000000004c5160       0x80 /opt/rs90-toolchain/lib/gcc/mipsel-rs90-linux-musl/8.3.0/libgcc.a(fixunsdfsi.o)
                0x00000000004c5160                __fixunsdfsi
 .text.stub.13  0x00000000004c51e0       0x10 linker stubs
                0x00000000004c51e8                .pic.__floatsidf
 .text          0x00000000004c51f0      0x100 /opt/rs90-toolchain/lib/gcc/mipsel-rs90-linux-musl/8.3.0/libgcc.a(floatsidf.o)
                0x00000000004c51f0                __floatsidf
 .text.stub.5   0x00000000004c52f0       0x10 linker stubs
                0x00000000004c52f8                .pic.__floatunsidf
 .text          0x00000000004c5300       0xb0 /opt/rs90-toolchain/lib/gcc/mipsel-rs90-linux-musl/8.3.0/libgcc.a(floatunsidf.o)
                0x00000000004c5300                __floatunsidf
 .text.stub.15  0x00000000004c53b0       0x10 linker stubs
                0x00000000004c53b8                .pic.__truncdfsf2
 .text          0x00000000004c53c0      0x260 /opt/rs90-toolchain/lib/gcc/mipsel-rs90-linux-musl/8.3.0/libgcc.a(truncdfsf2.o)
                0x00000000004c53c0                __truncdfsf2
 .text          0x00000000004c5620       0x60 /opt/rs90-toolchain/lib/gcc/mipsel-rs90-linux-musl/8.3.0/crtend.o
 .text          0x00000000004c5680        0x0 /opt/rs90-toolchain/mipsel-rs90-linux-musl/sysroot/lib/crtn.o
 *(.gnu.warning)
 *(.mips16.fn.*)
 *(.mips16.call.*)

.MIPS.stubs     0x00000000004c5680       0x20
 .MIPS.stubs    0x00000000004c5680       0x20 /opt/rs90-toolchain/mipsel-rs90-linux-musl/sysroot/lib/crt1.o
                0x00000000004c5680                _MIPS_STUBS_
                0x00000000004c5680                __libc_start_main

.fini           0x00000000004c56a0       0x3c
 *(SORT_NONE(.fini))
 .fini          0x00000000004c56a0        0xc /opt/rs90-toolchain/mipsel-rs90-linux-musl/sysroot/lib/crti.o
                0x00000000004c56a0                _fini
 .fini          0x00000000004c56ac       0x20 /opt/rs90-toolchain/lib/gcc/mipsel-rs90-linux-musl/8.3.0/crtbegin.o
 .fini          0x00000000004c56cc       0x10 /opt/rs90-toolchain/mipsel-rs90-linux-musl/sysroot/lib/crtn.o
                [!provide]                        PROVIDE (__etext = .)
                [!provide]                        PROVIDE (_etext = .)
                [!provide]                        PROVIDE (etext = .)

.rodata         0x00000000004c56e0     0xb680
 *(.rodata .rodata.* .gnu.linkonce.r.*)
 .rodata.str1.4
                0x00000000004c56e0       0x46 platform/opendingux/inputmap.o
                                         0x54 (size before relaxing)
 *fill*         0x00000000004c5726        0xa 
 .rodata        0x00000000004c5730      0x570 platform/opendingux/inputmap.o
                0x00000000004c5730                in_sdl_key_names
                0x00000000004c5c3c                in_sdl_key_map
                0x00000000004c5c64                in_sdl_defbinds
 .rodata.str1.4
                0x00000000004c5ca0       0x47 platform/linux/emu.o
                                         0x4c (size before relaxing)
 *fill*         0x00000000004c5ce7        0x1 
 .rodata.str1.4
                0x00000000004c5ce8        0xf platform/common/plat_sdl.o
                                         0x18 (size before relaxing)
 *fill*         0x00000000004c5cf7        0x9 
 .rodata        0x00000000004c5d00       0xc0 platform/common/plat_sdl.o
                0x00000000004c5d18                in_sdl_joy_map
 .rodata.cst4   0x00000000004c5dc0       0x1c platform/common/plat_sdl.o
 .rodata.str1.4
                0x00000000004c5ddc      0x2bc platform/libpicofe/plat_sdl.o
 .rodata.str1.4
                0x00000000004c6098      0x28c platform/libpicofe/in_sdl.o
                                        0x304 (size before relaxing)
 *fill*         0x00000000004c6324        0xc 
 .rodata        0x00000000004c6330      0x550 platform/libpicofe/in_sdl.o
 .rodata.str1.4
                0x00000000004c6880      0x16a platform/common/main.o
                                        0x16c (size before relaxing)
 *fill*         0x00000000004c69ea        0x6 
 .rodata        0x00000000004c69f0       0x30 platform/common/main.o
 .rodata.str1.4
                0x00000000004c6a20      0x578 platform/common/emu.o
                                        0x598 (size before relaxing)
 *fill*         0x00000000004c6f98        0x8 
 .rodata        0x00000000004c6fa0       0x30 platform/common/emu.o
 .rodata.str1.4
                0x00000000004c6fd0      0xb3c platform/common/menu_pico.o
                                        0xb68 (size before relaxing)
 *fill*         0x00000000004c7b0c        0x4 
 .rodata        0x00000000004c7b10      0x650 platform/common/menu_pico.o
 .rodata.str1.4
                0x00000000004c8160      0x2eb platform/common/config_file.o
                                        0x340 (size before relaxing)
 *fill*         0x00000000004c844b        0x5 
 .rodata        0x00000000004c8450      0x110 platform/common/config_file.o
 .rodata.str1.4
                0x00000000004c8560      0x1eb platform/libpicofe/input.o
                                        0x1ec (size before relaxing)
 *fill*         0x00000000004c874b        0x1 
 .rodata.str1.4
                0x00000000004c874c      0x32f platform/libpicofe/readpng.o
                                        0x338 (size before relaxing)
 *fill*         0x00000000004c8a7b        0x1 
 .rodata.str1.4
                0x00000000004c8a7c      0x553 platform/libpicofe/linux/in_evdev.o
                                        0x624 (size before relaxing)
 *fill*         0x00000000004c8fcf        0x1 
 .rodata        0x00000000004c8fd0      0xc40 platform/libpicofe/linux/in_evdev.o
 .rodata.str1.4
                0x00000000004c9c10      0x13a platform/libpicofe/linux/plat.o
                                        0x13c (size before relaxing)
 *fill*         0x00000000004c9d4a        0x2 
 .rodata.str1.4
                0x00000000004c9d4c       0x29 platform/libpicofe/sndout.o
                                         0x2c (size before relaxing)
 *fill*         0x00000000004c9d75        0x3 
 .rodata.str1.4
                0x00000000004c9d78       0x13 platform/libpicofe/sndout_sdl.o
                                         0x14 (size before relaxing)
 *fill*         0x00000000004c9d8b        0x1 
 .rodata.str1.4
                0x00000000004c9d8c      0x403 unzip/unzip.o
                                        0x408 (size before relaxing)
 *fill*         0x00000000004ca18f        0x1 
 .rodata.str1.4
                0x00000000004ca190       0x2a pico/pico.o
                                         0x2c (size before relaxing)
 *fill*         0x00000000004ca1ba        0x6 
 .rodata        0x00000000004ca1c0       0x80 pico/pico.o
 .rodata.str1.4
                0x00000000004ca240      0x4e5 pico/cart.o
                                        0x518 (size before relaxing)
 *fill*         0x00000000004ca725        0xb 
 .rodata        0x00000000004ca730     0x1340 pico/cart.o
 .rodata        0x00000000004cba70       0xd0 pico/memory.o
 .rodata.str1.4
                0x00000000004cbb40       0x85 pico/memory.o
                                         0x88 (size before relaxing)
 *fill*         0x00000000004cbbc5        0x3 
 .rodata.cst8   0x00000000004cbbc8        0x8 pico/memory.o
 .rodata.str1.4
                0x00000000004cbbd0      0x6e1 pico/state.o
                                        0x6f8 (size before relaxing)
 *fill*         0x00000000004cc2b1        0xf 
 .rodata        0x00000000004cc2c0      0x260 pico/state.o
 .rodata        0x00000000004cc520       0x40 pico/sek.o
 .rodata.str1.4
                0x00000000004cc560       0x31 pico/sek.o
                                         0x34 (size before relaxing)
 *fill*         0x00000000004cc591        0x3 
 .rodata.str1.4
                0x00000000004cc594       0x46 pico/z80if.o
                                         0x4c (size before relaxing)
 *fill*         0x00000000004cc5da        0x2 
 .rodata.str1.4
                0x00000000004cc5dc       0x22 pico/videoport.o
                                         0x24 (size before relaxing)
 *fill*         0x00000000004cc5fe        0x2 
 .rodata        0x00000000004cc600       0x10 pico/draw2.o
 .rodata        0x00000000004cc610       0x40 pico/draw.o
 .rodata        0x00000000004cc650      0x400 pico/misc.o
                0x00000000004cc650                hcounts_32
                0x00000000004cc850                hcounts_40
 .rodata        0x00000000004cca50       0x30 pico/patch.o
 .rodata.str1.4
                0x00000000004cca80        0x5 pico/patch.o
                                          0xc (size before relaxing)
 *fill*         0x00000000004cca85        0x3 
 .rodata.str1.4
                0x00000000004cca88      0x50e pico/debug.o
                                        0x518 (size before relaxing)
 *fill*         0x00000000004ccf96        0x2 
 .rodata.str1.4
                0x00000000004ccf98      0x146 pico/media.o
                                        0x184 (size before relaxing)
 *fill*         0x00000000004cd0de        0x2 
 .rodata        0x00000000004cd0e0       0x10 pico/media.o
 .rodata.str1.4
                0x00000000004cd0f0       0x4d pico/sms.o
                                         0x50 (size before relaxing)
 *fill*         0x00000000004cd13d        0x3 
 .rodata        0x00000000004cd140       0x10 pico/cd/mcd.o
 .rodata        0x00000000004cd150      0x510 pico/cd/memory.o
 .rodata        0x00000000004cd660       0xd0 pico/cd/cdc.o
 .rodata.str1.4
                0x00000000004cd730       0x83 pico/cd/cdd.o
                                         0x94 (size before relaxing)
 *fill*         0x00000000004cd7b3        0xd 
 .rodata        0x00000000004cd7c0      0x2f0 pico/cd/cdd.o
 .rodata.str1.4
                0x00000000004cdab0      0x16a pico/cd/cd_image.o
                                        0x170 (size before relaxing)
 *fill*         0x00000000004cdc1a        0x6 
 .rodata        0x00000000004cdc20       0x30 pico/cd/cd_image.o
 .rodata.str1.4
                0x00000000004cdc50      0x1f4 pico/cd/cue.o
                                        0x214 (size before relaxing)
 .rodata.str1.4
                0x00000000004cde44       0x57 pico/32x/32x.o
                                         0x58 (size before relaxing)
 *fill*         0x00000000004cde9b        0x5 
 .rodata        0x00000000004cdea0       0x10 pico/32x/32x.o
 .rodata.cst4   0x00000000004cdeb0        0xc pico/32x/32x.o
 *fill*         0x00000000004cdebc        0x4 
 .rodata        0x00000000004cdec0      0x490 pico/32x/memory.o
 .rodata.str1.4
                0x00000000004ce350       0x9b pico/32x/memory.o
                                         0x9c (size before relaxing)
 *fill*         0x00000000004ce3eb        0x5 
 .rodata        0x00000000004ce3f0       0x30 pico/32x/draw.o
 .rodata        0x00000000004ce420       0x30 pico/32x/pwm.o
 .rodata.str1.4
                0x00000000004ce450       0x19 pico/pico/pico.o
                                         0x1c (size before relaxing)
 *fill*         0x00000000004ce469        0x7 
 .rodata        0x00000000004ce470       0x20 pico/pico/pico.o
 .rodata        0x00000000004ce490       0x50 pico/pico/memory.o
 .rodata        0x00000000004ce4e0       0x60 pico/pico/xpcm.o
 .rodata.str1.4
                0x00000000004ce540      0x199 pico/carthw/carthw.o
                                        0x1ac (size before relaxing)
 *fill*         0x00000000004ce6d9        0x7 
 .rodata        0x00000000004ce6e0       0x50 pico/carthw/carthw.o
 .rodata        0x00000000004ce730       0x20 pico/carthw/eeprom_spi.o
 .rodata.str1.4
                0x00000000004ce750       0x35 pico/carthw/svp/svp.o
                                         0x38 (size before relaxing)
 *fill*         0x00000000004ce785        0xb 
 .rodata        0x00000000004ce790      0x3e0 pico/carthw/svp/ssp16.o
 .rodata.cst8   0x00000000004ceb70        0x8 pico/sound/sn76496.o
                                         0x10 (size before relaxing)
 *fill*         0x00000000004ceb78        0x8 
 .rodata        0x00000000004ceb80      0x430 pico/sound/ym2612.o
 .rodata.cst8   0x00000000004cefb0       0xb8 pico/sound/ym2612.o
                                         0xc0 (size before relaxing)
 *fill*         0x00000000004cf068        0x8 
 .rodata        0x00000000004cf070      0x400 cpu/fame/famec.o
 .rodata        0x00000000004cf470     0x14a0 cpu/cz80/cz80.o
 .rodata.str1.4
                0x00000000004d0910       0x2c cpu/drc/cmn.o
 .rodata.str1.4
                0x00000000004d093c       0x20 cpu/sh2/mame/sh2pico.o
 *fill*         0x00000000004d095c        0x4 
 .rodata        0x00000000004d0960      0x2c0 cpu/sh2/mame/sh2pico.o
 .rodata        0x00000000004d0c20       0x80 /opt/rs90-toolchain/lib/gcc/mipsel-rs90-linux-musl/8.3.0/libgcc.a(divsf3.o)
 .rodata        0x00000000004d0ca0       0x40 /opt/rs90-toolchain/lib/gcc/mipsel-rs90-linux-musl/8.3.0/libgcc.a(mulsf3.o)
 .rodata        0x00000000004d0ce0       0x40 /opt/rs90-toolchain/lib/gcc/mipsel-rs90-linux-musl/8.3.0/libgcc.a(divdf3.o)
 .rodata        0x00000000004d0d20       0x40 /opt/rs90-toolchain/lib/gcc/mipsel-rs90-linux-musl/8.3.0/libgcc.a(muldf3.o)

.rodata1
 *(.rodata1)

.sdata2
 *(.sdata2 .sdata2.* .gnu.linkonce.s2.*)

.sbss2
 *(.sbss2 .sbss2.* .gnu.linkonce.sb2.*)

.eh_frame_hdr   0x00000000004d0d60       0x1c
 *(.eh_frame_hdr)
 .eh_frame_hdr  0x00000000004d0d60       0x1c /opt/rs90-toolchain/lib/gcc/mipsel-rs90-linux-musl/8.3.0/libgcc.a(_divdi3.o)
                0x00000000004d0d60                __GNU_EH_FRAME_HDR
 *(.eh_frame_entry .eh_frame_entry.*)

.eh_frame       0x00000000004d0d7c       0x40
 *(.eh_frame)
 .eh_frame      0x00000000004d0d7c        0x0 /opt/rs90-toolchain/lib/gcc/mipsel-rs90-linux-musl/8.3.0/crtbegin.o
 .eh_frame      0x00000000004d0d7c       0x28 /opt/rs90-toolchain/lib/gcc/mipsel-rs90-linux-musl/8.3.0/libgcc.a(_divdi3.o)
 .eh_frame      0x00000000004d0da4       0x14 /opt/rs90-toolchain/lib/gcc/mipsel-rs90-linux-musl/8.3.0/libgcc.a(_moddi3.o)
                                         0x28 (size before relaxing)
 .eh_frame      0x00000000004d0db8        0x4 /opt/rs90-toolchain/lib/gcc/mipsel-rs90-linux-musl/8.3.0/crtend.o
 *(.eh_frame.*)

.gcc_except_table
 *(.gcc_except_table .gcc_except_table.*)

.gnu_extab
 *(.gnu_extab*)

.exception_ranges
 *(.exception_ranges .exception_ranges*)

.plt            0x00000000004d0dc0      0x910
 *(.plt)
 *fill*         0x00000000004d0dc0        0x0 
 .plt           0x00000000004d0dc0      0x910 /opt/rs90-toolchain/mipsel-rs90-linux-musl/sysroot/lib/crt1.o
                0x00000000004d0dc0                _PROCEDURE_LINKAGE_TABLE_
                0x00000000004d0de0                opendir
                0x00000000004d0df0                SDL_JoystickOpen
                0x00000000004d0e00                SDL_UnlockSurface
                0x00000000004d0e10                qsort
                0x00000000004d0e20                ioctl
                0x00000000004d0e30                png_set_IHDR@@PNG16_0
                0x00000000004d0e40                remove
                0x00000000004d0e50                gzclose
                0x00000000004d0e60                png_create_write_struct@@PNG16_0
                0x00000000004d0e70                realloc
                0x00000000004d0e80                SDL_WM_SetCaption
                0x00000000004d0e90                SDL_CreateRGBSurface
                0x00000000004d0ea0                sscanf
                0x00000000004d0eb0                gettimeofday
                0x00000000004d0ec0                SDL_DisplayYUVOverlay
                0x00000000004d0ed0                SDL_JoystickName
                0x00000000004d0ee0                SDL_Quit
                0x00000000004d0ef0                inflate
                0x00000000004d0f00                SDL_Delay
                0x00000000004d0f10                SDL_GetError
                0x00000000004d0f20                SDL_Flip
                0x00000000004d0f30                snprintf
                0x00000000004d0f40                png_write_info@@PNG16_0
                0x00000000004d0f50                png_set_longjmp_fn@@PNG16_0
                0x00000000004d0f60                SDL_ShowCursor
                0x00000000004d0f70                strcmp
                0x00000000004d0f80                time
                0x00000000004d0f90                SDL_JoystickClose
                0x00000000004d0fa0                inflateReset
                0x00000000004d0fb0                gzeof
                0x00000000004d0fc0                inflateInit2_
                0x00000000004d0fd0                memset
                0x00000000004d0fe0                stpcpy
                0x00000000004d0ff0                SDL_QuitSubSystem
                0x00000000004d1000                alphasort
                0x00000000004d1010                png_destroy_write_struct@@PNG16_0
                0x00000000004d1020                malloc
                0x00000000004d1030                getcwd
                0x00000000004d1040                memmove
                0x00000000004d1050                SDL_VideoDriverName
                0x00000000004d1060                gzread
                0x00000000004d1070                strcat
                0x00000000004d1080                rand
                0x00000000004d1090                log
                0x00000000004d10a0                strncmp
                0x00000000004d10b0                strcpy
                0x00000000004d10c0                strrchr
                0x00000000004d10d0                fstat
                0x00000000004d10e0                closedir
                0x00000000004d10f0                fclose
                0x00000000004d1100                setjmp
                0x00000000004d1110                strdup
                0x00000000004d1120                sleep
                0x00000000004d1130                open
                0x00000000004d1140                pow
                0x00000000004d1150                png_read_png@@PNG16_0
                0x00000000004d1160                SDL_PauseAudio
                0x00000000004d1170                strstr
                0x00000000004d1180                SDL_NumJoysticks
                0x00000000004d1190                png_get_rows@@PNG16_0
                0x00000000004d11a0                munmap
                0x00000000004d11b0                png_destroy_read_struct@@PNG16_0
                0x00000000004d11c0                perror
                0x00000000004d11d0                strchr
                0x00000000004d11e0                strncasecmp
                0x00000000004d11f0                png_get_image_height@@PNG16_0
                0x00000000004d1200                rewind
                0x00000000004d1210                ftell
                0x00000000004d1220                SDL_JoystickEventState
                0x00000000004d1230                SDL_PushEvent
                0x00000000004d1240                png_create_info_struct@@PNG16_0
                0x00000000004d1250                printf
                0x00000000004d1260                SDL_CloseAudio
                0x00000000004d1270                mremap
                0x00000000004d1280                fwrite
                0x00000000004d1290                SDL_LockYUVOverlay
                0x00000000004d12a0                readlink
                0x00000000004d12b0                strncpy
                0x00000000004d12c0                putchar
                0x00000000004d12d0                png_get_bit_depth@@PNG16_0
                0x00000000004d12e0                exit
                0x00000000004d12f0                png_write_end@@PNG16_0
                0x00000000004d1300                png_write_image@@PNG16_0
                0x00000000004d1310                fprintf
                0x00000000004d1320                vprintf
                0x00000000004d1330                gzsetparams
                0x00000000004d1340                SDL_CreateYUVOverlay
                0x00000000004d1350                fgets
                0x00000000004d1360                inflateEnd
                0x00000000004d1370                strncat
                0x00000000004d1380                strtoul
                0x00000000004d1390                fread
                0x00000000004d13a0                close
                0x00000000004d13b0                gmtime
                0x00000000004d13c0                SDL_Init
                0x00000000004d13d0                setlocale
                0x00000000004d13e0                sin
                0x00000000004d13f0                calloc
                0x00000000004d1400                png_get_image_width@@PNG16_0
                0x00000000004d1410                read
                0x00000000004d1420                gzwrite
                0x00000000004d1430                SDL_UnlockYUVOverlay
                0x00000000004d1440                SDL_FreeYUVOverlay
                0x00000000004d1450                SDL_SetVideoMode
                0x00000000004d1460                __errno_location
                0x00000000004d1470                mkdir
                0x00000000004d1480                fcntl
                0x00000000004d1490                SDL_InitSubSystem
                0x00000000004d14a0                vsnprintf
                0x00000000004d14b0                SDL_LockSurface
                0x00000000004d14c0                trunc
                0x00000000004d14d0                localtime
                0x00000000004d14e0                gzseek
                0x00000000004d14f0                mprotect
                0x00000000004d1500                feof
                0x00000000004d1510                crc32
                0x00000000004d1520                atof
                0x00000000004d1530                png_init_io@@PNG16_0
                0x00000000004d1540                free
                0x00000000004d1550                strftime
                0x00000000004d1560                atoi
                0x00000000004d1570                stat
                0x00000000004d1580                png_create_read_struct@@PNG16_0
                0x00000000004d1590                puts
                0x00000000004d15a0                fopen
                0x00000000004d15b0                longjmp
                0x00000000004d15c0                SDL_PeepEvents
                0x00000000004d15d0                select
                0x00000000004d15e0                fileno
                0x00000000004d15f0                SDL_GetVideoInfo
                0x00000000004d1600                sprintf
                0x00000000004d1610                getenv
                0x00000000004d1620                memcpy
                0x00000000004d1630                strlen
                0x00000000004d1640                scandir
                0x00000000004d1650                strtol
                0x00000000004d1660                usleep
                0x00000000004d1670                mmap
                0x00000000004d1680                fseek
                0x00000000004d1690                strcasecmp
                0x00000000004d16a0                SDL_OpenAudio
                0x00000000004d16b0                gzopen
                0x00000000004d16c0                SDL_PumpEvents

.iplt
 *(.iplt)
                0x00000000004e16d0                . = DATA_SEGMENT_ALIGN (CONSTANT (MAXPAGESIZE), CONSTANT (COMMONPAGESIZE))

.eh_frame
 *(.eh_frame)
 *(.eh_frame.*)

.gnu_extab
 *(.gnu_extab)

.gcc_except_table
 *(.gcc_except_table .gcc_except_table.*)

.exception_ranges
 *(.exception_ranges .exception_ranges*)

.tdata          0x00000000004e16d0        0x0
                [!provide]                        PROVIDE (__tdata_start = .)
 *(.tdata .tdata.* .gnu.linkonce.td.*)

.tbss
 *(.tbss .tbss.* .gnu.linkonce.tb.*)
 *(.tcommon)

.preinit_array  0x00000000004e16d0        0x0
                [!provide]                        PROVIDE (__preinit_array_start = .)
 *(.preinit_array)
                [!provide]                        PROVIDE (__preinit_array_end = .)

.init_array     0x00000000004e16d0        0x0
                [!provide]                        PROVIDE (__init_array_start = .)
 *(SORT_BY_INIT_PRIORITY(.init_array.*) SORT_BY_INIT_PRIORITY(.ctors.*))
 *(.init_array EXCLUDE_FILE(*crtend?.o *crtend.o *crtbegin?.o *crtbegin.o) .ctors)
                [!provide]                        PROVIDE (__init_array_end = .)

.fini_array     0x00000000004e16d0        0x0
                [!provide]                        PROVIDE (__fini_array_start = .)
 *(SORT_BY_INIT_PRIORITY(.fini_array.*) SORT_BY_INIT_PRIORITY(.dtors.*))
 *(.fini_array EXCLUDE_FILE(*crtend?.o *crtend.o *crtbegin?.o *crtbegin.o) .dtors)
                [!provide]                        PROVIDE (__fini_array_end = .)

.ctors          0x00000000004e16d0        0x8
 *crtbegin.o(.ctors)
 .ctors         0x00000000004e16d0        0x4 /opt/rs90-toolchain/lib/gcc/mipsel-rs90-linux-musl/8.3.0/crtbegin.o
 *crtbegin?.o(.ctors)
 *(EXCLUDE_FILE(*crtend?.o *crtend.o) .ctors)
 *(SORT_BY_NAME(.ctors.*))
 *(.ctors)
 .ctors         0x00000000004e16d4        0x4 /opt/rs90-toolchain/lib/gcc/mipsel-rs90-linux-musl/8.3.0/crtend.o

.dtors          0x00000000004e16d8        0x8
 *crtbegin.o(.dtors)
 .dtors         0x00000000004e16d8        0x4 /opt/rs90-toolchain/lib/gcc/mipsel-rs90-linux-musl/8.3.0/crtbegin.o
 *crtbegin?.o(.dtors)
 *(EXCLUDE_FILE(*crtend?.o *crtend.o) .dtors)
 *(SORT_BY_NAME(.dtors.*))
 *(.dtors)
 .dtors         0x00000000004e16dc        0x4 /opt/rs90-toolchain/lib/gcc/mipsel-rs90-linux-musl/8.3.0/crtend.o
                0x00000000004e16dc                __DTOR_END__

.jcr
 *(.jcr)

.data.rel.ro    0x00000000004e16e0        0x0
 *(.data.rel.ro.local* .gnu.linkonce.d.rel.ro.local.*)
 *(.data.rel.ro .data.rel.ro.* .gnu.linkonce.d.rel.ro.*)
 .data.rel.ro   0x00000000004e16e0        0x0 /opt/rs90-toolchain/mipsel-rs90-linux-musl/sysroot/lib/crt1.o
                0x00000000004e16e0                . = DATA_SEGMENT_RELRO_END (., 0x0)

.got.plt        0x00000000004e16e0      0x244
 *(.got.plt)
 .got.plt       0x00000000004e16e0      0x244 /opt/rs90-toolchain/mipsel-rs90-linux-musl/sysroot/lib/crt1.o

.data           0x00000000004e1930     0x1f50
                0x00000000004e1930                _fdata = .
 *(.data .data.* .gnu.linkonce.d.*)
 .data          0x00000000004e1930        0x0 /opt/rs90-toolchain/mipsel-rs90-linux-musl/sysroot/lib/crt1.o
 .data          0x00000000004e1930        0x0 /opt/rs90-toolchain/mipsel-rs90-linux-musl/sysroot/lib/crti.o
 .data          0x00000000004e1930        0x0 /opt/rs90-toolchain/lib/gcc/mipsel-rs90-linux-musl/8.3.0/crtbegin.o
 .data          0x00000000004e1930        0x0 platform/opendingux/inputmap.o
 .data          0x00000000004e1930       0x20 platform/linux/emu.o
                0x00000000004e1930                renderer_names32x
                0x00000000004e1940                renderer_names
 .data          0x00000000004e1950        0x0 platform/linux/blit.o
 .data          0x00000000004e1950        0x0 platform/common/plat_sdl.o
 .data          0x00000000004e1950       0x10 platform/libpicofe/plat_sdl.o
 .data          0x00000000004e1960        0x0 platform/libpicofe/in_sdl.o
 .data          0x00000000004e1960        0x0 platform/libpicofe/plat_dummy.o
 .data          0x00000000004e1960       0x10 platform/common/main.o
 .data          0x00000000004e1970       0x30 platform/common/emu.o
                0x00000000004e1978                engineState
                0x00000000004e197c                pico_pen_y
                0x00000000004e1980                pico_pen_x
                0x00000000004e1984                PicoConfigFile
                0x00000000004e1988                g_screen_ppitch
                0x00000000004e198c                g_screen_height
                0x00000000004e1990                g_screen_width
 .data          0x00000000004e19a0     0x10b0 platform/common/menu_pico.o
                0x00000000004e20b4                men_scaling_opts
                0x00000000004e2940                indev_names
                0x00000000004e2950                emuctrl_actions
                0x00000000004e29a8                me_ctrl_actions
 .data          0x00000000004e2a50        0x0 platform/common/config_file.o
 .data          0x00000000004e2a50        0x0 platform/libpicofe/input.o
 .data          0x00000000004e2a50        0x0 platform/libpicofe/readpng.o
 .data          0x00000000004e2a50      0xc00 platform/libpicofe/fonts.o
                0x00000000004e2a50                fontdata6x8
                0x00000000004e3250                fontdata8x8
 .data          0x00000000004e3650        0x0 platform/libpicofe/linux/in_evdev.o
 .data          0x00000000004e3650        0x0 platform/libpicofe/linux/plat.o
 .data          0x00000000004e3650       0x40 platform/libpicofe/sndout.o
 .data          0x00000000004e3690        0x0 platform/libpicofe/sndout_sdl.o
 .data          0x00000000004e3690       0x20 platform/common/mp3.o
                0x00000000004e3690                mpeg1_l3_bitrates
 .data          0x00000000004e36b0        0x0 platform/common/mp3_dummy.o
 .data          0x00000000004e36b0       0x10 unzip/unzip.o
 .data          0x00000000004e36c0        0x0 pico/pico.o
 .data          0x00000000004e36c0        0x0 pico/cart.o
 .data          0x00000000004e36c0       0x10 pico/memory.o
 .data          0x00000000004e36d0        0x0 pico/state.o
 .data          0x00000000004e36d0        0x0 pico/sek.o
 .data          0x00000000004e36d0        0x0 pico/z80if.o
 .data          0x00000000004e36d0        0x0 pico/videoport.o
 .data          0x00000000004e36d0       0x10 pico/draw2.o
                0x00000000004e36d0                PicoCramHigh
 .data          0x00000000004e36e0       0x10 pico/draw.o
                0x00000000004e36e0                DrawLineDestBase
 .data          0x00000000004e36f0        0x0 pico/mode4.o
 .data          0x00000000004e36f0        0x0 pico/misc.o
 .data          0x00000000004e36f0       0x10 pico/eeprom.o
 .data          0x00000000004e3700       0x70 pico/patch.o
 .data          0x00000000004e3770        0x0 pico/debug.o
 .data          0x00000000004e3770        0x0 pico/media.o
 .data          0x00000000004e3770        0x0 pico/sms.o
 .data          0x00000000004e3770        0x0 pico/cd/mcd.o
 .data          0x00000000004e3770        0x0 pico/cd/memory.o
 .data          0x00000000004e3770        0x0 pico/cd/sek.o
 .data          0x00000000004e3770        0x0 pico/cd/cdc.o
 .data          0x00000000004e3770        0x0 pico/cd/cdd.o
 .data          0x00000000004e3770        0x0 pico/cd/cd_image.o
 .data          0x00000000004e3770        0x0 pico/cd/cue.o
 .data          0x00000000004e3770        0x0 pico/cd/gfx.o
 .data          0x00000000004e3770        0x0 pico/cd/gfx_dma.o
 .data          0x00000000004e3770       0x40 pico/cd/misc.o
                0x00000000004e3770                formatted_bram
 .data          0x00000000004e37b0        0x0 pico/cd/pcm.o
 .data          0x00000000004e37b0        0x0 pico/32x/32x.o
 .data          0x00000000004e37b0        0x0 pico/32x/memory.o
 .data          0x00000000004e37b0        0x0 pico/32x/draw.o
 .data          0x00000000004e37b0        0x0 pico/32x/sh2soc.o
 .data          0x00000000004e37b0        0x0 pico/32x/pwm.o
 .data          0x00000000004e37b0       0x10 pico/pico/pico.o
 .data          0x00000000004e37c0        0x0 pico/pico/memory.o
 .data          0x00000000004e37c0       0x10 pico/pico/xpcm.o
 .data          0x00000000004e37d0       0x70 pico/carthw/carthw.o
 .data          0x00000000004e3840        0x0 pico/carthw/eeprom_spi.o
 .data          0x00000000004e3840       0x30 pico/carthw/svp/svp.o
 .data          0x00000000004e3870        0x0 pico/carthw/svp/memory.o
 .data          0x00000000004e3870        0x0 pico/carthw/svp/ssp16.o
 .data          0x00000000004e3870       0x10 pico/sound/sound.o
                0x00000000004e3870                PsndMix_32_to_16l
 .data          0x00000000004e3880        0x0 pico/sound/sn76496.o
 .data          0x00000000004e3880        0x0 pico/sound/ym2612.o
 .data          0x00000000004e3880        0x0 pico/sound/mix.o
 .data          0x00000000004e3880        0x0 cpu/fame/famec.o
 .data          0x00000000004e3880        0x0 cpu/cz80/cz80.o
 .data          0x00000000004e3880        0x0 cpu/drc/cmn.o
 .data          0x00000000004e3880        0x0 cpu/sh2/sh2.o
 .data          0x00000000004e3880        0x0 cpu/sh2/mame/sh2pico.o
 .data          0x00000000004e3880        0x0 /opt/rs90-toolchain/lib/gcc/mipsel-rs90-linux-musl/8.3.0/libgcc.a(_divdi3.o)
 .data          0x00000000004e3880        0x0 /opt/rs90-toolchain/lib/gcc/mipsel-rs90-linux-musl/8.3.0/libgcc.a(_moddi3.o)
 .data          0x00000000004e3880        0x0 /opt/rs90-toolchain/lib/gcc/mipsel-rs90-linux-musl/8.3.0/libgcc.a(addsf3.o)
 .data          0x00000000004e3880        0x0 /opt/rs90-toolchain/lib/gcc/mipsel-rs90-linux-musl/8.3.0/libgcc.a(divsf3.o)
 .data          0x00000000004e3880        0x0 /opt/rs90-toolchain/lib/gcc/mipsel-rs90-linux-musl/8.3.0/libgcc.a(mulsf3.o)
 .data          0x00000000004e3880        0x0 /opt/rs90-toolchain/lib/gcc/mipsel-rs90-linux-musl/8.3.0/libgcc.a(fixsfsi.o)
 .data          0x00000000004e3880        0x0 /opt/rs90-toolchain/lib/gcc/mipsel-rs90-linux-musl/8.3.0/libgcc.a(floatsisf.o)
 .data          0x00000000004e3880        0x0 /opt/rs90-toolchain/lib/gcc/mipsel-rs90-linux-musl/8.3.0/libgcc.a(adddf3.o)
 .data          0x00000000004e3880        0x0 /opt/rs90-toolchain/lib/gcc/mipsel-rs90-linux-musl/8.3.0/libgcc.a(divdf3.o)
 .data          0x00000000004e3880        0x0 /opt/rs90-toolchain/lib/gcc/mipsel-rs90-linux-musl/8.3.0/libgcc.a(gedf2.o)
 .data          0x00000000004e3880        0x0 /opt/rs90-toolchain/lib/gcc/mipsel-rs90-linux-musl/8.3.0/libgcc.a(muldf3.o)
 .data          0x00000000004e3880        0x0 /opt/rs90-toolchain/lib/gcc/mipsel-rs90-linux-musl/8.3.0/libgcc.a(fixdfsi.o)
 .data          0x00000000004e3880        0x0 /opt/rs90-toolchain/lib/gcc/mipsel-rs90-linux-musl/8.3.0/libgcc.a(fixunsdfsi.o)
 .data          0x00000000004e3880        0x0 /opt/rs90-toolchain/lib/gcc/mipsel-rs90-linux-musl/8.3.0/libgcc.a(floatsidf.o)
 .data          0x00000000004e3880        0x0 /opt/rs90-toolchain/lib/gcc/mipsel-rs90-linux-musl/8.3.0/libgcc.a(floatunsidf.o)
 .data          0x00000000004e3880        0x0 /opt/rs90-toolchain/lib/gcc/mipsel-rs90-linux-musl/8.3.0/libgcc.a(truncdfsf2.o)
 .data          0x00000000004e3880        0x0 /opt/rs90-toolchain/lib/gcc/mipsel-rs90-linux-musl/8.3.0/crtend.o
 .data          0x00000000004e3880        0x0 /opt/rs90-toolchain/mipsel-rs90-linux-musl/sysroot/lib/crtn.o

.rld_map        0x00000000004e3880        0x4
 .rld_map       0x00000000004e3880        0x4 /opt/rs90-toolchain/mipsel-rs90-linux-musl/sysroot/lib/crt1.o
                0x00000000004e3880                __RLD_MAP

.tm_clone_table
                0x00000000004e3884        0x0
 .tm_clone_table
                0x00000000004e3884        0x0 /opt/rs90-toolchain/lib/gcc/mipsel-rs90-linux-musl/8.3.0/crtbegin.o
 .tm_clone_table
                0x00000000004e3884        0x0 /opt/rs90-toolchain/lib/gcc/mipsel-rs90-linux-musl/8.3.0/crtend.o

.data1
 *(.data1)
                0x00000000004e3884                . = .
                0x00000000004eb880                _gp = (ALIGN (0x10) + 0x7ff0)

.got            0x00000000004e3890       0x48
 *(.got)
 .got           0x00000000004e3890       0x48 /opt/rs90-toolchain/mipsel-rs90-linux-musl/sysroot/lib/crt1.o
                0x00000000004e3890                _GLOBAL_OFFSET_TABLE_

.sdata          0x00000000004e38d8        0x4
 *(.sdata .sdata.* .gnu.linkonce.s.*)
 .sdata         0x00000000004e38d8        0x4 /opt/rs90-toolchain/lib/gcc/mipsel-rs90-linux-musl/8.3.0/crtbegin.o
                0x00000000004e38d8                __dso_handle

.lit8
 *(.lit8)

.lit4
 *(.lit4)
                0x00000000004e38dc                _edata = .
                [!provide]                        PROVIDE (edata = .)
                0x00000000004e38dc                . = .
                0x00000000004e38dc                __bss_start = .
                0x00000000004e38dc                _fbss = .

.sbss           0x00000000004e38dc       0xa8
 *(.dynsbss)
 *(.sbss .sbss.* .gnu.linkonce.sb.*)
 *(.scommon)
 .scommon       0x00000000004e38dc       0x18 platform/libpicofe/plat_sdl.o
                0x00000000004e38dc                plat_sdl_screen
                0x00000000004e38e0                plat_sdl_quit_cb
                0x00000000004e38e4                plat_sdl_gl_active
                0x00000000004e38e8                plat_sdl_overlay
                0x00000000004e38ec                ScreenSurface
                0x00000000004e38f0                plat_sdl_resize_cb
 .scommon       0x00000000004e38f4        0x4 platform/common/main.o
                0x00000000004e38f4                g_argv
 .scommon       0x00000000004e38f8       0x10 platform/common/emu.o
                0x00000000004e38f8                g_screen_ptr
                0x00000000004e38fc                flip_after_sync
                0x00000000004e3900                rom_fname_reload
                0x00000000004e3904                pico_inp_mode
 .scommon       0x00000000004e3908       0x1c platform/common/menu_pico.o
                0x00000000004e3908                g_autostateld_opt
                0x00000000004e390c                g_menuscreen_w
                0x00000000004e3910                g_menubg_ptr
                0x00000000004e3914                g_menuscreen_ptr
                0x00000000004e3918                g_menuscreen_h
                0x00000000004e391c                g_menuscreen_pp
                0x00000000004e3920                g_menubg_src_ptr
 .scommon       0x00000000004e3924        0x4 platform/libpicofe/linux/in_evdev.o
                0x00000000004e3924                in_evdev_allow_abs_only
 .scommon       0x00000000004e3928        0xc pico/cart.o
                0x00000000004e3928                PicoGameLoaded
                0x00000000004e392c                PicoCartMemSetup
                0x00000000004e3930                PicoCartUnloadHook
 .scommon       0x00000000004e3934        0xc pico/state.o
                0x00000000004e3934                PicoStateProgressCB
                0x00000000004e3938                carthw_chunks
                0x00000000004e393c                PicoLoadStateHook
 .scommon       0x00000000004e3940        0xc pico/draw.o
                0x00000000004e3940                DrawLineDestIncrement
                0x00000000004e3944                rendlines
                0x00000000004e3948                rendstatus_old
 .scommon       0x00000000004e394c        0x8 pico/cd/sek.o
                0x00000000004e394c                SekCycleCntS68k
                0x00000000004e3950                SekCycleAimS68k
 .scommon       0x00000000004e3954       0x10 pico/32x/memory.o
                0x00000000004e3954                Pico32xMem
                0x00000000004e3958                p32x_bios_m
                0x00000000004e395c                p32x_bios_g
                0x00000000004e3960                p32x_bios_s
 .scommon       0x00000000004e3964        0xc pico/32x/draw.o
                0x00000000004e3964                Pico32xDrawMode
                0x00000000004e3968                PicoScan32xEnd
                0x00000000004e396c                PicoScan32xBegin
 .scommon       0x00000000004e3970        0xc pico/carthw/carthw.o
                0x00000000004e3970                carthw_ssf2_banks
                0x00000000004e3978                carthw_ssf2_active
 .scommon       0x00000000004e397c        0x4 pico/sound/sn76496.o
                0x00000000004e397c                sn76496_regs
 .scommon       0x00000000004e3980        0x4 cpu/drc/cmn.o
                0x00000000004e3980                tcache

.bss            0x00000000004e4000   0x33a000
 *(.dynbss)
 .dynbss        0x00000000004e4000        0x4 /opt/rs90-toolchain/mipsel-rs90-linux-musl/sysroot/lib/crt1.o
                0x00000000004e4000                stderr
 *(.bss .bss.* .gnu.linkonce.b.*)
 *fill*         0x00000000004e4004        0xc 
 .bss           0x00000000004e4010        0x0 /opt/rs90-toolchain/mipsel-rs90-linux-musl/sysroot/lib/crt1.o
 .bss           0x00000000004e4010        0x0 /opt/rs90-toolchain/mipsel-rs90-linux-musl/sysroot/lib/crti.o
 .bss           0x00000000004e4010       0x20 /opt/rs90-toolchain/lib/gcc/mipsel-rs90-linux-musl/8.3.0/crtbegin.o
 .bss           0x00000000004e4030        0x0 platform/opendingux/inputmap.o
 .bss           0x00000000004e4030        0x0 platform/linux/emu.o
 .bss           0x00000000004e4030        0x0 platform/linux/blit.o
 .bss           0x00000000004e4030      0x210 platform/common/plat_sdl.o
 .bss           0x00000000004e4240       0x50 platform/libpicofe/plat_sdl.o
 .bss           0x00000000004e4290       0x10 platform/libpicofe/in_sdl.o
 .bss           0x00000000004e42a0        0x0 platform/libpicofe/plat_dummy.o
 .bss           0x00000000004e42a0        0x0 platform/common/main.o
 .bss           0x00000000004e42a0     0x1100 platform/common/emu.o
                0x00000000004e42a0                movie_data
                0x00000000004e42a4                reset_timing
                0x00000000004e42a8                config_slot_current
                0x00000000004e42ac                config_slot
                0x00000000004e42b0                state_slot
 .bss           0x00000000004e53a0      0x200 platform/common/menu_pico.o
                0x00000000004e53a0                menu_error_msg
 .bss           0x00000000004e55a0        0x0 platform/common/config_file.o
 .bss           0x00000000004e55a0      0x180 platform/libpicofe/input.o
 .bss           0x00000000004e5720        0x0 platform/libpicofe/readpng.o
 .bss           0x00000000004e5720        0x0 platform/libpicofe/fonts.o
 .bss           0x00000000004e5720        0x0 platform/libpicofe/linux/in_evdev.o
 .bss           0x00000000004e5720       0x10 platform/libpicofe/linux/plat.o
 .bss           0x00000000004e5730        0x0 platform/libpicofe/sndout.o
 .bss           0x00000000004e5730    0x10010 platform/libpicofe/sndout_sdl.o
 .bss           0x00000000004f5740       0x20 platform/common/mp3.o
 .bss           0x00000000004f5760        0x0 platform/common/mp3_dummy.o
 .bss           0x00000000004f5760        0x0 unzip/unzip.o
 .bss           0x00000000004f5760       0x10 pico/pico.o
                0x00000000004f5760                PicoLineHook
                0x00000000004f5764                PicoResetHook
 .bss           0x00000000004f5770       0x10 pico/cart.o
                0x00000000004f5770                PicoCDLoadProgressCB
                0x00000000004f5774                PicoCartLoadProgressCB
 .bss           0x00000000004f5780        0x0 pico/memory.o
 .bss           0x00000000004f5780       0x20 pico/state.o
 .bss           0x00000000004f57a0       0x10 pico/sek.o
 .bss           0x00000000004f57b0        0x0 pico/z80if.o
 .bss           0x00000000004f57b0       0x10 pico/videoport.o
                0x00000000004f57b0                PicoDmaHook
 .bss           0x00000000004f57c0    0x16d40 pico/draw2.o
                0x00000000004f57c0                PicoPrepareCram
 .bss           0x000000000050c500      0xa40 pico/draw.o
                0x000000000050c500                PicoScanEnd
                0x000000000050c504                PicoScanBegin
 .bss           0x000000000050cf40       0x10 pico/mode4.o
 .bss           0x000000000050cf50        0x0 pico/misc.o
 .bss           0x000000000050cf50        0x0 pico/eeprom.o
 .bss           0x000000000050cf50       0x10 pico/patch.o
                0x000000000050cf50                PicoPatchCount
                0x000000000050cf54                PicoPatches
 .bss           0x000000000050cf60     0x2000 pico/debug.o
 .bss           0x000000000050ef60        0x0 pico/media.o
 .bss           0x000000000050ef60       0x10 pico/sms.o
 .bss           0x000000000050ef70       0x10 pico/cd/mcd.o
 .bss           0x000000000050ef80        0x0 pico/cd/memory.o
 .bss           0x000000000050ef80        0x0 pico/cd/sek.o
 .bss           0x000000000050ef80     0x4950 pico/cd/cdc.o
 .bss           0x00000000005138d0        0x0 pico/cd/cdd.o
 .bss           0x00000000005138d0        0x0 pico/cd/cd_image.o
 .bss           0x00000000005138d0        0x0 pico/cd/cue.o
 .bss           0x00000000005138d0      0x720 pico/cd/gfx.o
 .bss           0x0000000000513ff0        0x0 pico/cd/gfx_dma.o
 .bss           0x0000000000513ff0        0x0 pico/cd/misc.o
 .bss           0x0000000000513ff0        0x0 pico/cd/pcm.o
 .bss           0x0000000000513ff0       0x10 pico/32x/32x.o
 .bss           0x0000000000514000      0xc20 pico/32x/memory.o