Archive member included to satisfy reference by file (symbol)

/opt/rs90-toolchain/lib/gcc/mipsel-rs90-linux-musl/8.3.0/libgcc.a(_divdi3.o)
                              pico/32x/sh2soc.o (__divdi3)
/opt/rs90-toolchain/lib/gcc/mipsel-rs90-linux-musl/8.3.0/libgcc.a(_moddi3.o)
                              pico/32x/sh2soc.o (__moddi3)
/opt/rs90-toolchain/lib/gcc/mipsel-rs90-linux-musl/8.3.0/libgcc.a(addsf3.o)
                              platform/common/plat_sdl.o (__addsf3)
/opt/rs90-toolchain/lib/gcc/mipsel-rs90-linux-musl/8.3.0/libgcc.a(divsf3.o)
                              pico/32x/32x.o (__divsf3)
/opt/rs90-toolchain/lib/gcc/mipsel-rs90-linux-musl/8.3.0/libgcc.a(mulsf3.o)
                              platform/common/plat_sdl.o (__mulsf3)
/opt/rs90-toolchain/lib/gcc/mipsel-rs90-linux-musl/8.3.0/libgcc.a(fixsfsi.o)
                              platform/common/plat_sdl.o (__fixsfsi)
/opt/rs90-toolchain/lib/gcc/mipsel-rs90-linux-musl/8.3.0/libgcc.a(floatsisf.o)
                              platform/common/plat_sdl.o (__floatsisf)
/opt/rs90-toolchain/lib/gcc/mipsel-rs90-linux-musl/8.3.0/libgcc.a(adddf3.o)
                              pico/sound/ym2612.o (__adddf3)
/opt/rs90-toolchain/lib/gcc/mipsel-rs90-linux-musl/8.3.0/libgcc.a(divdf3.o)
                              pico/memory.o (__divdf3)
/opt/rs90-toolchain/lib/gcc/mipsel-rs90-linux-musl/8.3.0/libgcc.a(gedf2.o)
                              pico/sound/ym2612.o (__gtdf2)
/opt/rs90-toolchain/lib/gcc/mipsel-rs90-linux-musl/8.3.0/libgcc.a(muldf3.o)
                              pico/memory.o (__muldf3)
/opt/rs90-toolchain/lib/gcc/mipsel-rs90-linux-musl/8.3.0/libgcc.a(fixdfsi.o)
                              pico/memory.o (__fixdfsi)
/opt/rs90-toolchain/lib/gcc/mipsel-rs90-linux-musl/8.3.0/libgcc.a(fixunsdfsi.o)
                              pico/sound/sn76496.o (__fixunsdfsi)
/opt/rs90-toolchain/lib/gcc/mipsel-rs90-linux-musl/8.3.0/libgcc.a(floatsidf.o)
                              pico/memory.o (__floatsidf)
/opt/rs90-toolchain/lib/gcc/mipsel-rs90-linux-musl/8.3.0/libgcc.a(floatunsidf.o)
                              pico/sound/ym2612.o (__floatunsidf)
/opt/rs90-toolchain/lib/gcc/mipsel-rs90-linux-musl/8.3.0/libgcc.a(truncdfsf2.o)
                              platform/common/config_file.o (__truncdfsf2)

Allocating common symbols
Common symbol       size              file

DrawLineDestIncrement
                    0x4               pico/draw.o
g_autostateld_opt   0x4               platform/common/menu_pico.o
HighLnSpr           0x1e00            pico/draw.o
PicoStateProgressCB
                    0x4               pico/state.o
PicoIn              0x30              pico/pico.o
rom_fname_loaded    0x200             platform/common/emu.o
g_screen_ptr        0x4               platform/common/emu.o
carthw_ssf2_banks   0x8               pico/carthw/carthw.o
g_menuscreen_w      0x4               platform/common/menu_pico.o
g_menubg_ptr        0x4               platform/common/menu_pico.o
flip_after_sync     0x4               platform/common/emu.o
s68k_write16_map    0x400             pico/cd/memory.o
PicoCpuFS68k        0x4ac             pico/cd/sek.o
m68k_write16_map    0x400             pico/memory.o
rendlines           0x4               pico/draw.o
currentConfig       0x70              platform/common/emu.o
plat_sdl_screen     0x4               platform/libpicofe/plat_sdl.o
SekCycleCntS68k     0x4               pico/cd/sek.o
ym_tl_tab2          0x1a00            pico/sound/ym2612.o
m68k_read16_map     0x400             pico/memory.o
CZ80                0xc0              cpu/cz80/cz80.o
Pico32xDrawMode     0x4               pico/32x/draw.o
sn76496_regs        0x4               pico/sound/sn76496.o
g_menuscreen_ptr    0x4               platform/common/menu_pico.o
carthw_ssf2_active  0x4               pico/carthw/carthw.o
plat_sdl_quit_cb    0x4               platform/libpicofe/plat_sdl.o
tcache              0x4               cpu/drc/cmn.o
plat_sdl_gl_active  0x4               platform/libpicofe/plat_sdl.o
ym2612              0xbe0             pico/sound/ym2612.o
in_evdev_allow_abs_only
                    0x4               platform/libpicofe/linux/in_evdev.o
plat_sdl_overlay    0x4               platform/libpicofe/plat_sdl.o
tcache_default      0x200000          cpu/drc/cmn.o
s68k_read16_map     0x400             pico/cd/memory.o
carthw_chunks       0x4               pico/state.o
PicoPicohw          0x208             pico/pico/pico.o
rom_fname_reload    0x4               platform/common/emu.o
Pico32x             0xc0              pico/32x/32x.o
z80_write_map       0x20              pico/z80if.o
p32x_event_times    0xc               pico/32x/32x.o
PicoGameLoaded      0x4               pico/cart.o
ScreenSurface       0x4               platform/libpicofe/plat_sdl.o
pcd_event_times     0x10              pico/cd/mcd.o
PicoLoadStateHook   0x4               pico/state.o
ym_tl_tab           0x34000           pico/sound/ym2612.o
[...]
Memory Configuration

Name             Origin             Length             Attributes
*default*        0x0000000000000000 0xffffffffffffffff

Linker script and memory map

LOAD /opt/rs90-toolchain/mipsel-rs90-linux-musl/sysroot/lib/crt1.o
LOAD /opt/rs90-toolchain/mipsel-rs90-linux-musl/sysroot/lib/crti.o
LOAD /opt/rs90-toolchain/lib/gcc/mipsel-rs90-linux-musl/8.3.0/crtbegin.o
LOAD platform/opendingux/inputmap.o
LOAD platform/linux/emu.o
LOAD platform/linux/blit.o
LOAD platform/common/plat_sdl.o
LOAD platform/libpicofe/plat_sdl.o
LOAD platform/libpicofe/in_sdl.o
LOAD platform/libpicofe/plat_dummy.o
LOAD platform/common/main.o
LOAD platform/common/emu.o
LOAD platform/common/menu_pico.o
LOAD platform/common/config_file.o
LOAD platform/libpicofe/input.o
LOAD platform/libpicofe/readpng.o
LOAD platform/libpicofe/fonts.o
LOAD platform/libpicofe/linux/in_evdev.o
LOAD platform/libpicofe/linux/plat.o
LOAD platform/libpicofe/sndout.o
LOAD platform/libpicofe/sndout_sdl.o
LOAD platform/common/mp3.o
LOAD platform/common/mp3_dummy.o
LOAD unzip/unzip.o
LOAD pico/pico.o
LOAD pico/cart.o
LOAD pico/memory.o
LOAD pico/state.o
LOAD pico/sek.o
LOAD pico/z80if.o
LOAD pico/videoport.o
LOAD pico/draw2.o
LOAD pico/draw.o
LOAD pico/mode4.o
LOAD pico/misc.o
LOAD pico/eeprom.o
LOAD pico/patch.o
LOAD pico/debug.o
LOAD pico/media.o
LOAD pico/sms.o
LOAD pico/cd/mcd.o
LOAD pico/cd/memory.o
LOAD pico/cd/sek.o
LOAD pico/cd/cdc.o
LOAD pico/cd/cdd.o
LOAD pico/cd/cd_image.o
LOAD pico/cd/cue.o
LOAD pico/cd/gfx.o
LOAD pico/cd/gfx_dma.o
LOAD pico/cd/misc.o
LOAD pico/cd/pcm.o
LOAD pico/32x/32x.o
LOAD pico/32x/memory.o
LOAD pico/32x/draw.o
LOAD pico/32x/sh2soc.o
LOAD pico/32x/pwm.o
LOAD pico/pico/pico.o
LOAD pico/pico/memory.o
LOAD pico/pico/xpcm.o
LOAD pico/carthw/carthw.o
LOAD pico/carthw/eeprom_spi.o
LOAD pico/carthw/svp/svp.o
LOAD pico/carthw/svp/memory.o
LOAD pico/carthw/svp/ssp16.o
LOAD pico/sound/sound.o
LOAD pico/sound/sn76496.o
LOAD pico/sound/ym2612.o
LOAD pico/sound/mix.o
LOAD cpu/fame/famec.o
LOAD cpu/cz80/cz80.o
LOAD cpu/drc/cmn.o
LOAD cpu/sh2/sh2.o
LOAD cpu/sh2/mame/sh2pico.o
LOAD /opt/rs90-toolchain/mipsel-rs90-linux-musl/sysroot/usr/bin/../../usr/lib/libSDL.so
LOAD /opt/rs90-toolchain/mipsel-rs90-linux-musl/sysroot/usr/bin/../../usr/lib/libpthread.a
LOAD /opt/rs90-toolchain/mipsel-rs90-linux-musl/sysroot/usr/bin/../../usr/lib/libpng.so
LOAD /opt/rs90-toolchain/mipsel-rs90-linux-musl/sysroot/usr/bin/../../usr/lib/libm.a
LOAD /opt/rs90-toolchain/mipsel-rs90-linux-musl/sysroot/usr/bin/../../usr/lib/libz.so
LOAD /opt/rs90-toolchain/lib/gcc/mipsel-rs90-linux-musl/8.3.0/libgcc.a
LOAD /opt/rs90-toolchain/mipsel-rs90-linux-musl/sysroot/usr/bin/../../usr/lib/libgcc_s.so
START GROUP
LOAD /opt/rs90-toolchain/mipsel-rs90-linux-musl/sysroot/usr/bin/../../usr/lib/libgcc_s.so.1
LOAD /opt/rs90-toolchain/lib/gcc/mipsel-rs90-linux-musl/8.3.0/libgcc.a
END GROUP
LOAD /opt/rs90-toolchain/mipsel-rs90-linux-musl/sysroot/usr/bin/../../usr/lib/libc.so
LOAD /opt/rs90-toolchain/lib/gcc/mipsel-rs90-linux-musl/8.3.0/libgcc.a
LOAD /opt/rs90-toolchain/mipsel-rs90-linux-musl/sysroot/usr/bin/../../usr/lib/libgcc_s.so
START GROUP
LOAD /opt/rs90-toolchain/mipsel-rs90-linux-musl/sysroot/usr/bin/../../usr/lib/libgcc_s.so.1
LOAD /opt/rs90-toolchain/lib/gcc/mipsel-rs90-linux-musl/8.3.0/libgcc.a
END GROUP
LOAD /opt/rs90-toolchain/lib/gcc/mipsel-rs90-linux-musl/8.3.0/crtend.o
LOAD /opt/rs90-toolchain/mipsel-rs90-linux-musl/sysroot/lib/crtn.o
                [!provide]                        PROVIDE (__executable_start = SEGMENT_START ("text-segment", 0x400000))
                0x0000000000400174                . = (SEGMENT_START ("text-segment", 0x400000) + SIZEOF_HEADERS)

.interp         0x0000000000400174       0x1c
 *(.interp)
 .interp        0x0000000000400174       0x1c /opt/rs90-toolchain/mipsel-rs90-linux-musl/sysroot/lib/crt1.o

.MIPS.abiflags  0x0000000000400190       0x18
 *(.MIPS.abiflags)
 .MIPS.abiflags
                0x0000000000400190       0x18 /opt/rs90-toolchain/mipsel-rs90-linux-musl/sysroot/lib/crt1.o

.reginfo        0x00000000004001a8       0x18
 *(.reginfo)
 .reginfo       0x00000000004001a8       0x18 /opt/rs90-toolchain/mipsel-rs90-linux-musl/sysroot/lib/crt1.o

.note.gnu.build-id
 *(.note.gnu.build-id)

.dynamic        0x00000000004001c0      0x130
 *(.dynamic)
 .dynamic       0x00000000004001c0      0x130 /opt/rs90-toolchain/mipsel-rs90-linux-musl/sysroot/lib/crt1.o
                0x00000000004001c0                _DYNAMIC

.hash           0x00000000004002f0      0x480
 *(.hash)
 .hash          0x00000000004002f0      0x480 /opt/rs90-toolchain/mipsel-rs90-linux-musl/sysroot/lib/crt1.o

.gnu.hash
 *(.gnu.hash)

.dynsym         0x0000000000400770      0x9b0
 *(.dynsym)
 .dynsym        0x0000000000400770      0x9b0 /opt/rs90-toolchain/mipsel-rs90-linux-musl/sysroot/lib/crt1.o

.dynstr         0x0000000000401120      0x697
 *(.dynstr)
 .dynstr        0x0000000000401120      0x697 /opt/rs90-toolchain/mipsel-rs90-linux-musl/sysroot/lib/crt1.o

.gnu.version    0x00000000004017b8      0x136
 *(.gnu.version)
 .gnu.version   0x00000000004017b8      0x136 /opt/rs90-toolchain/mipsel-rs90-linux-musl/sysroot/lib/crt1.o

.gnu.version_d  0x00000000004018f0        0x0
 *(.gnu.version_d)
 .gnu.version_d
                0x00000000004018f0        0x0 /opt/rs90-toolchain/mipsel-rs90-linux-musl/sysroot/lib/crt1.o

.gnu.version_r  0x00000000004018f0       0x20
 *(.gnu.version_r)
 .gnu.version_r
                0x00000000004018f0       0x20 /opt/rs90-toolchain/mipsel-rs90-linux-musl/sysroot/lib/crt1.o

.rel.dyn        0x0000000000401910       0x10
 *(.rel.init)
 *(.rel.text .rel.text.* .rel.gnu.linkonce.t.*)
 *(.rel.fini)
 *(.rel.rodata .rel.rodata.* .rel.gnu.linkonce.r.*)
 *(.rel.data.rel.ro .rel.data.rel.ro.* .rel.gnu.linkonce.d.rel.ro.*)
 .rel.data.rel.ro
                0x0000000000401910        0x0 /opt/rs90-toolchain/mipsel-rs90-linux-musl/sysroot/lib/crt1.o
 *(.rel.data .rel.data.* .rel.gnu.linkonce.d.*)
 *(.rel.tdata .rel.tdata.* .rel.gnu.linkonce.td.*)
 *(.rel.tbss .rel.tbss.* .rel.gnu.linkonce.tb.*)
 *(.rel.ctors)
 *(.rel.dtors)
 *(.rel.got)
 *(.rel.dyn)
 .rel.dyn       0x0000000000401910       0x10 /opt/rs90-toolchain/mipsel-rs90-linux-musl/sysroot/lib/crt1.o
 *(.rel.sdata .rel.sdata.* .rel.gnu.linkonce.s.*)
 *(.rel.sbss .rel.sbss.* .rel.gnu.linkonce.sb.*)
 *(.rel.sdata2 .rel.sdata2.* .rel.gnu.linkonce.s2.*)
 *(.rel.sbss2 .rel.sbss2.* .rel.gnu.linkonce.sb2.*)
 *(.rel.bss .rel.bss.* .rel.gnu.linkonce.b.*)
 .rel.bss       0x0000000000401920        0x0 /opt/rs90-toolchain/mipsel-rs90-linux-musl/sysroot/lib/crt1.o
                [!provide]                        PROVIDE (__rel_iplt_start = .)
 *(.rel.iplt)
                [!provide]                        PROVIDE (__rel_iplt_end = .)

.rela.dyn       0x0000000000401920        0x0
 *(.rela.init)
 *(.rela.text .rela.text.* .rela.gnu.linkonce.t.*)
 *(.rela.fini)
 *(.rela.rodata .rela.rodata.* .rela.gnu.linkonce.r.*)
 *(.rela.data .rela.data.* .rela.gnu.linkonce.d.*)
 *(.rela.tdata .rela.tdata.* .rela.gnu.linkonce.td.*)
 *(.rela.tbss .rela.tbss.* .rela.gnu.linkonce.tb.*)
 *(.rela.ctors)
 *(.rela.dtors)
 *(.rela.got)
 *(.rela.sdata .rela.sdata.* .rela.gnu.linkonce.s.*)
 *(.rela.sbss .rela.sbss.* .rela.gnu.linkonce.sb.*)
 *(.rela.sdata2 .rela.sdata2.* .rela.gnu.linkonce.s2.*)
 *(.rela.sbss2 .rela.sbss2.* .rela.gnu.linkonce.sb2.*)
 *(.rela.bss .rela.bss.* .rela.gnu.linkonce.b.*)
                [!provide]                        PROVIDE (__rela_iplt_start = .)
 *(.rela.iplt)
                [!provide]                        PROVIDE (__rela_iplt_end = .)

.rel.plt        0x0000000000401920      0x478
 *(.rel.plt)
 .rel.plt       0x0000000000401920      0x478 /opt/rs90-toolchain/mipsel-rs90-linux-musl/sysroot/lib/crt1.o

.rela.plt
 *(.rela.plt)

.init           0x0000000000401d98       0x5c
 *(SORT_NONE(.init))
 .init          0x0000000000401d98        0xc /opt/rs90-toolchain/mipsel-rs90-linux-musl/sysroot/lib/crti.o
                0x0000000000401d98                _init
 .init          0x0000000000401da4       0x20 /opt/rs90-toolchain/lib/gcc/mipsel-rs90-linux-musl/8.3.0/crtbegin.o
 .init          0x0000000000401dc4       0x20 /opt/rs90-toolchain/lib/gcc/mipsel-rs90-linux-musl/8.3.0/crtend.o
 .init          0x0000000000401de4       0x10 /opt/rs90-toolchain/mipsel-rs90-linux-musl/sysroot/lib/crtn.o

.text           0x0000000000401e00    0xc3e20
                0x0000000000401e00                _ftext = .
 *(.text.unlikely .text.*_unlikely .text.unlikely.*)
 *(.text.exit .text.exit.*)
 *(.text.startup .text.startup.*)
 .text.startup  0x0000000000401e00      0x1b0 platform/common/main.o
                0x0000000000401e00                main
 *(.text.hot .text.hot.*)
 *(.text .stub .text.* .gnu.linkonce.t.*)
 .text          0x0000000000401fb0       0x40 /opt/rs90-toolchain/mipsel-rs90-linux-musl/sysroot/lib/crt1.o
                0x0000000000401fb0                __start
                0x0000000000401fb0                _start
 .text._start_c
                0x0000000000401ff0       0x3c /opt/rs90-toolchain/mipsel-rs90-linux-musl/sysroot/lib/crt1.o
                0x0000000000401ff0                _start_c
 *fill*         0x000000000040202c        0x4 
 .text          0x0000000000402030        0x0 /opt/rs90-toolchain/mipsel-rs90-linux-musl/sysroot/lib/crti.o
 .text          0x0000000000402030      0x1a0 /opt/rs90-toolchain/lib/gcc/mipsel-rs90-linux-musl/8.3.0/crtbegin.o
 .text          0x00000000004021d0        0x0 platform/opendingux/inputmap.o
 .text          0x00000000004021d0      0x810 platform/linux/emu.o
                0x00000000004021d0                pemu_prep_defconfig
                0x00000000004021d8                pemu_validate_config
                0x00000000004021f4                pemu_finalize_frame
                0x000000000040244c                plat_video_toggle_renderer
                0x0000000000402614                plat_status_msg_clear
                0x000000000040264c                plat_status_msg_busy_next
                0x00000000004026d8                plat_status_msg_busy_first
                0x0000000000402764                plat_update_volume
                0x000000000040276c                pemu_forced_frame
                0x00000000004027e8                pemu_sound_start
                0x00000000004027f0                plat_debug_cat
                0x00000000004027f8                emu_video_mode_change
                0x0000000000402828                pemu_loop_prep
                0x000000000040292c                pemu_loop_end
                0x0000000000402990                plat_wait_till_us
                0x00000000004029d0                plat_mem_get_for_drc
 .text          0x00000000004029e0      0x2a0 platform/linux/blit.o
                0x00000000004029e0                bgr444_to_rgb32
                0x0000000000402a2c                bgr444_to_rgb32_sh
                0x0000000000402ac4                vidcpy_m2
                0x0000000000402c5c                vidcpy_m2_rot
                0x0000000000402c64                rotated_blit8
                0x0000000000402c6c                rotated_blit16
 .text          0x0000000000402c80      0xa80 platform/common/plat_sdl.o
                0x0000000000402c90                bgr_to_uyvy_init
                0x0000000000402e98                rgb565_to_uyvy
                0x0000000000403010                plat_quick_copy
                0x0000000000403058                plat_video_wait_vsync
                0x0000000000403060                plat_video_menu_enter
                0x000000000040309c                plat_video_menu_begin
                0x0000000000403134                plat_video_menu_leave
                0x000000000040313c                plat_video_loop_prepare
                0x0000000000403200                plat_early_init
                0x0000000000403208                plat_init
                0x0000000000403340                plat_finish
                0x0000000000403384                downscale_224to160
                0x00000000004034d0                plat_video_flip
                0x00000000004035f0                plat_video_menu_end
 .text          0x0000000000403700      0xad0 platform/libpicofe/plat_sdl.o
                0x0000000000403700                plat_sdl_change_video_mode
                0x0000000000403b84                plat_sdl_event_handler
                0x0000000000403cb4                plat_sdl_init
                0x00000000004040e4                plat_sdl_finish
                0x000000000040416c                plat_sdl_overlay_clear
 .text          0x00000000004041d0      0x8a0 platform/libpicofe/in_sdl.o
                0x0000000000404a08                in_sdl_init
 .text          0x0000000000404a70       0x20 platform/libpicofe/plat_dummy.o
                0x0000000000404a70                plat_target_init
                0x0000000000404a78                plat_target_finish
                0x0000000000404a80                plat_target_setup_input
 .text          0x0000000000404a90      0x250 platform/common/main.o
                0x0000000000404a90                parse_cmd_line
 .text          0x0000000000404ce0     0x4690 platform/common/emu.o
                0x0000000000405160                emu_status_msg
                0x00000000004051ec                emu_get_game_name
                0x0000000000405284                emu_swap_cd
                0x000000000040530c                emu_make_path
                0x00000000004053c0                emu_prep_defconfig
                0x0000000000405450                emu_set_defconfig
                0x00000000004054c0                emu_read_config
                0x0000000000405f78                emu_write_config
                0x0000000000406090                emu_text_out8
                0x00000000004061b4                emu_text_out16
                0x00000000004062d4                emu_text_out8_rot
                0x0000000000406474                emu_text_out16_rot
                0x0000000000406608                emu_osd_text16
                0x00000000004066c4                emu_get_save_fname
                0x0000000000406c10                emu_check_save_file
                0x0000000000406f78                emu_save_load_game
                0x00000000004073c0                emu_reload_rom
                0x0000000000407d70                emu_set_fastforward
                0x0000000000407e84                emu_32x_startup
                0x0000000000407ff0                emu_reset_game
                0x0000000000408018                run_events_pico
                0x0000000000408280                emu_update_input
                0x0000000000408890                emu_cmn_forced_frame
                0x00000000004089e4                emu_init
                0x0000000000408b68                emu_finish
                0x0000000000408c00                emu_sound_start
                0x0000000000408ce8                emu_sound_stop
                0x0000000000408cf8                emu_sound_wait
                0x0000000000408d08                emu_loop
 .text          0x0000000000409370     0x88e0 platform/common/menu_pico.o
                0x000000000040be48                menuscreen_memset_lines
                0x000000000040bec8                text_out16
                0x00000000004100bc                menu_init_base
                0x00000000004104f4                menu_romload_prepare
                0x00000000004106bc                menu_romload_end
                0x00000000004107b4                menu_loop
                0x0000000000410c8c                menu_loop_tray
                0x0000000000411690                menu_update_msg
                0x00000000004116e0                me_list_get_first
                0x00000000004116fc                me_list_get_next
                0x00000000004117d4                menu_init
 .text          0x0000000000411c50     0x1740 platform/common/config_file.o
                0x0000000000411f30                config_write
                0x000000000041236c                config_writelrom
                0x000000000041255c                config_readlrom
                0x00000000004126d4                config_readsect
                0x000000000041330c                config_get_var_val
 .text          0x0000000000413390     0x2be0 platform/libpicofe/input.o
                0x0000000000413488                in_register
                0x00000000004138b8                in_combos_find
                0x0000000000413968                in_combos_do
                0x0000000000413a84                in_probe
                0x00000000004141b4                in_update
                0x00000000004142bc                in_update_analog
                0x0000000000414310                in_update_keycode
                0x00000000004149ec                in_menu_wait_any
                0x0000000000414a9c                in_menu_wait
                0x0000000000414c54                in_get_dev_binds
                0x0000000000414c7c                in_get_dev_def_binds
                0x0000000000414cbc                in_get_config
                0x0000000000414d8c                in_set_config
                0x0000000000414fb8                in_get_dev_name
                0x0000000000415044                in_name_to_id
                0x00000000004150d4                in_get_key_name
                0x0000000000415268                in_get_key_code
                0x0000000000415310                in_bind_key
                0x0000000000415494                in_unbind_all
                0x00000000004155cc                in_config_parse_dev
                0x0000000000415888                in_config_bind_key
                0x0000000000415b24                in_clean_binds
                0x0000000000415bf4                in_debug_dump
                0x0000000000415ce0                in_register_driver
                0x0000000000415f28                in_init
 .text          0x0000000000415f70      0x8d0 platform/libpicofe/readpng.o
                0x0000000000415f70                readpng
                0x000000000041656c                writepng
 .text          0x0000000000416840      0x4a0 platform/libpicofe/fonts.o
                0x0000000000416840                basic_text_out16_nf
                0x0000000000416a58                basic_text_out_uyvy_nf
                0x0000000000416c54                basic_text_out16
 .text          0x0000000000416ce0      0xf10 platform/libpicofe/linux/in_evdev.o
                0x0000000000417b9c                in_evdev_init
 .text          0x0000000000417bf0      0x940 platform/libpicofe/linux/plat.o
                0x0000000000417bf0                plat_is_dir
                0x0000000000417c2c                plat_get_skin_dir
                0x0000000000417d30                plat_get_root_dir
                0x0000000000417e84                plat_get_ticks_ms
                0x0000000000417ed0                plat_get_ticks_us
                0x0000000000417f08                plat_sleep_ms
                0x0000000000417f20                plat_wait_event
                0x00000000004180d4                plat_mmap
                0x00000000004182bc                plat_mremap
                0x00000000004183a4                plat_munmap
                0x0000000000418458                plat_mem_set_exec
                0x00000000004184f4                lprintf
 .text          0x0000000000418530       0xe0 platform/libpicofe/sndout.o
                0x0000000000418560                sndout_init
 .text          0x0000000000418610      0x430 platform/libpicofe/sndout_sdl.o
                0x0000000000418728                sndout_sdl_init
                0x000000000041874c                sndout_sdl_start
                0x0000000000418868                sndout_sdl_stop
                0x0000000000418894                sndout_sdl_wait
                0x00000000004188fc                sndout_sdl_write_nb
                0x00000000004189e0                sndout_sdl_exit
 .text          0x0000000000418a40      0x750 platform/common/mp3.o
                0x0000000000418a40                mp3_find_sync_word
                0x0000000000418adc                mp3_get_bitrate
                0x0000000000418d68                mp3_start_play
                0x0000000000418fa8                mp3_update
 .text          0x0000000000419190       0x10 platform/common/mp3_dummy.o
                0x0000000000419190                mp3dec_start
                0x0000000000419198                mp3dec_decode
 .text          0x00000000004191a0      0xc70 unzip/unzip.o
                0x00000000004191a0                openzip
                0x00000000004195a4                readzip
                0x00000000004197f8                closezip
                0x0000000000419854                suspendzip
                0x0000000000419894                rewindzip
                0x000000000041989c                seekcompresszip
                0x00000000004199a8                readcompresszip
                0x0000000000419b10                readuncompresszip
 .text          0x0000000000419e10     0x1840 pico/pico.o
                0x0000000000419e10                PicoInit
                0x0000000000419ec0                PicoExit
                0x0000000000419f20                PicoDetectRegion
                0x000000000041a1d4                PicoReset
                0x000000000041a3d4                PicoPower
                0x000000000041a50c                PicoLoopPrepare
                0x000000000041a574                CheckDMA
                0x000000000041a660                PicoSyncZ80
                0x000000000041a6c0                PicoFrame
                0x000000000041b57c                PicoFrameDrawOnly
                0x000000000041b5bc                PicoGetInternal
 .text          0x000000000041b650     0x2b50 pico/cart.o
                0x000000000041ca54                pm_open
                0x000000000041cf54                pm_read
                0x000000000041d3d8                pm_seek
                0x000000000041d63c                pm_close
                0x000000000041d6ec                Byteswap
                0x000000000041d744                PicoCartLoad
                0x000000000041dc74                PicoCartInsert
                0x000000000041e0a8                PicoCartResize
                0x000000000041e110                PicoCartUnload
 .text          0x000000000041e1a0     0x3810 pico/memory.o
                0x000000000041e1b0                m68k_read8
                0x000000000041e1f4                m68k_read16
                0x000000000041e234                m68k_read32
                0x000000000041e2d8                m68k_write8
                0x000000000041e31c                m68k_write16
                0x000000000041e35c                m68k_write32
                0x000000000041e920                PicoRead8_vdp
                0x000000000041ef84                z80_map_set
                0x000000000041f084                cpu68k_map_set
                0x000000000041f21c                cpu68k_map_all_ram
                0x000000000041f320                m68k_map_unmap
                0x000000000041f414                PicoSetInputDevice
                0x000000000041f468                io_ports_read
                0x000000000041f4d8                PicoRead8_io
                0x000000000041f558                PicoRead16_io
                0x000000000041f5f8                io_ports_write
                0x000000000041f684                ctl_write_z80busreq
                0x000000000041f72c                ctl_write_z80reset
                0x000000000041f80c                PicoWrite8_io
                0x000000000041f878                PicoWrite16_io
                0x000000000041f8e0                PicoMemSetup
                0x00000000004206f4                ym2612_sync_timers
                0x0000000000421564                ym2612_pack_state
                0x0000000000421704                ym2612_unpack_state
 .text          0x00000000004219b0     0x4490 pico/state.o
                0x0000000000424e58                PicoState
                0x00000000004250bc                PicoStateFP
                0x0000000000425100                PicoStateLoadGfx
                0x00000000004258fc                PicoTmpStateSave
                0x0000000000425b68                PicoTmpStateRestore
 .text          0x0000000000425e40      0x730 pico/sek.o
                0x0000000000425eb4                SekInit
                0x0000000000425f04                SekReset
                0x0000000000425f3c                SekStepM68k
                0x0000000000425f8c                SekSetRealTAS
                0x0000000000425f94                SekPackCpu
                0x0000000000426048                SekUnpackCpu
                0x000000000042610c                SekInitIdleDet
                0x00000000004261b4                SekIsIdleReady
                0x00000000004261d0                SekIsIdleCode
                0x0000000000426360                SekRegisterIdlePatch
                0x0000000000426464                SekFinishIdleDet
 .text          0x0000000000426570      0x3e0 pico/z80if.o
                0x0000000000426570                z80_init
                0x00000000004265c0                z80_reset
                0x0000000000426610                z80_pack
                0x0000000000426780                z80_unpack
                0x0000000000426918                z80_exit
                0x0000000000426920                z80_debug
 .text          0x0000000000426950     0x1170 pico/videoport.o
                0x00000000004270f8                PicoVideoWrite
                0x00000000004277b4                PicoVideoRead
                0x00000000004278e8                PicoVideoRead8DataH
                0x0000000000427974                PicoVideoRead8DataL
                0x00000000004279fc                PicoVideoRead8CtlH
                0x0000000000427a10                PicoVideoRead8CtlL
                0x0000000000427a50                PicoVideoRead8HV_H
                0x0000000000427a5c                PicoVideoRead8HV_L
 .text          0x0000000000427ac0     0x1390 pico/draw2.o
                0x0000000000428990                PicoFrameFull
                0x0000000000428e3c                PicoDraw2Init
 .text          0x0000000000428e50     0x4b50 pico/draw.o
                0x000000000042b748                FinalizeLine555
                0x000000000042cfd8                blockcpy_or
                0x000000000042d0d8                BackFill
                0x000000000042d104                PicoDoHighPal555
                0x000000000042d23c                PicoFrameStart
                0x000000000042d3c8                PicoDrawSync
                0x000000000042d5fc                PicoDrawUpdateHighPal
                0x000000000042d7e4                PicoDrawSetOutFormat
                0x000000000042d888                PicoDrawSetOutBuf
                0x000000000042d8b4                PicoDrawSetInternalBuf
                0x000000000042d904                PicoDrawSetCallbacks
                0x000000000042d964                PicoDrawInit
 .text          0x000000000042d9a0     0x1350 pico/mode4.o
                0x000000000042e350                PicoFrameStartMode4
                0x000000000042e45c                PicoLineMode4
                0x000000000042e824                PicoDoHighPal555M4
                0x000000000042eca8                PicoDrawSetOutputMode4
 .text          0x000000000042ecf0      0x1b0 pico/misc.o
                0x000000000042ecf0                memcpy16bswap
                0x000000000042ed24                memset32
                0x000000000042ede0                memset32_uncached
 .text          0x000000000042eea0      0x5f0 pico/eeprom.o
                0x000000000042f19c                EEPROM_write16
                0x000000000042f274                EEPROM_write8
                0x000000000042f374                EEPROM_read
 .text          0x000000000042f490     0x10d0 pico/patch.o
                0x000000000042f490                genie_decode_ms
                0x000000000042f688                ar_decode_ms
                0x000000000042f7e8                fusion_ram_decode
                0x000000000042f948                fusion_rom_decode
                0x000000000042faec                decode
                0x000000000042ff70                PicoPatchUnload
                0x000000000042ffac                PicoPatchLoad
                0x0000000000430268                PicoPatchPrepare
                0x0000000000430390                PicoPatchApply
 .text          0x0000000000430560     0x1a90 pico/debug.o
                0x0000000000430560                PDebugMain
                0x0000000000430974                PDebug32x
                0x0000000000430cc0                PDebugSpriteList
                0x0000000000430e28                PDebugShowSpriteStats
                0x0000000000430fd0                PDebugShowPalette
                0x0000000000431170                PDebugShowSprite
                0x00000000004313a4                PDebugDumpMem
                0x0000000000431d0c                PDebugZ80Frame
                0x0000000000431fc0                PDebugCPUStep
 .text          0x0000000000431ff0      0xbf0 pico/media.o
                0x0000000000431ff0                PicoCdCheck
                0x0000000000432450                PicoLoadMedia
 .text          0x0000000000432be0      0xb50 pico/sms.o
                0x0000000000433144                PicoResetMS
                0x0000000000433160                PicoPowerMS
                0x0000000000433234                PicoMemSetupMS
                0x000000000043337c                PicoStateLoadedMS
                0x0000000000433464                PicoFrameMS
                0x00000000004336e4                PicoFrameDrawOnlyMS
 .text          0x0000000000433730     0x2050 pico/cd/mcd.o
                0x0000000000433c88                PicoInitMCD
                0x0000000000433c90                PicoExitMCD
                0x0000000000433c98                PicoPowerMCD
                0x0000000000433e10                pcd_soft_reset
                0x0000000000433f5c                PicoResetMCD
                0x0000000000433fec                pcd_cycles_m68k_to_s68k
                0x0000000000434010                pcd_event_schedule
                0x0000000000434074                pcd_event_schedule_s68k
                0x000000000043410c                pcd_sync_s68k
                0x000000000043464c                pcd_run_cpus
                0x00000000004347ac                pcd_run_cpus_lockstep
                0x0000000000434864                pcd_prepare_frame
                0x00000000004348d0                PicoFrameMCD
                0x000000000043549c                pcd_state_loaded
 .text          0x0000000000435780     0x3480 pico/cd/memory.o
                0x0000000000435780                s68k_read8
                0x00000000004357c4                s68k_read16
                0x0000000000435804                s68k_read32
                0x00000000004358a8                s68k_write8
                0x00000000004358ec                s68k_write16
                0x000000000043592c                s68k_write32
                0x0000000000436a90                PicoWrite8_mcd_io
                0x0000000000436ab0                PicoWrite16_mcd_io
                0x0000000000437efc                m68k_comm_check
                0x0000000000438198                PicoRead8_mcd_io
                0x00000000004381e4                PicoRead16_mcd_io
                0x0000000000438204                s68k_poll_detect
                0x00000000004382b0                s68k_reg_write16
                0x0000000000438584                pcd_state_loaded_mem
                0x00000000004386dc                PicoMemSetupCD
 .text          0x0000000000438c00      0x190 pico/cd/sek.o
                0x0000000000438c58                SekInitS68k
                0x0000000000438ca8                SekResetS68k
                0x0000000000438ce0                SekInterruptS68k
                0x0000000000438d34                SekInterruptClearS68k
 .text          0x0000000000438d90      0xfc0 pico/cd/cdc.o
                0x0000000000438d90                cdc_init
                0x0000000000438da4                cdc_reset
                0x0000000000438dec                cdc_context_save
                0x0000000000438e90                cdc_context_load
                0x0000000000438f64                cdc_context_load_old
                0x0000000000439114                cdc_dma_update
                0x0000000000439488                cdc_decoder_update
                0x00000000004395ac                cdc_reg_w
                0x00000000004399d0                cdc_reg_r
                0x0000000000439c20                cdc_host_r
 .text          0x0000000000439d50     0x1b50 pico/cd/cdd.o
                0x0000000000439d50                cdd_reset
                0x0000000000439d7c                cdd_context_save
                0x0000000000439e04                cdd_context_load
                0x0000000000439f54                cdd_context_load_old
                0x0000000000439f70                cdd_unload
                0x000000000043a0c0                cdd_load
                0x000000000043a59c                cdd_read_data
                0x000000000043a62c                cdd_update
                0x000000000043a9e8                cdd_process
 .text          0x000000000043b8a0      0x9d0 pico/cd/cd_image.o
                0x000000000043b9c8                load_cd_image
 .text          0x000000000043c270     0x12b0 pico/cd/cue.o
                0x000000000043c388                cue_parse
                0x000000000043d4a8                cue_destroy
 .text          0x000000000043d520      0xae0 pico/cd/gfx.o
                0x000000000043d520                gfx_init
                0x000000000043d8ec                gfx_context_save
                0x000000000043d9a4                gfx_context_load
                0x000000000043da54                gfx_start
                0x000000000043dc0c                gfx_update
 .text          0x000000000043e000      0x300 pico/cd/gfx_dma.o
                0x000000000043e000                DmaSlowCell
 .text          0x000000000043e300       0x80 pico/cd/misc.o
                0x000000000043e300                wram_2M_to_1M
                0x000000000043e340                wram_1M_to_2M
 .text          0x000000000043e380      0x620 pico/cd/pcm.o
                0x000000000043e380                pcd_pcm_sync
                0x000000000043e5f8                pcd_pcm_write
                0x000000000043e74c                pcd_pcm_read
                0x000000000043e808                pcd_pcm_update
 .text          0x000000000043e9a0     0x2870 pico/32x/32x.o
                0x000000000043ef84                p32x_update_irls
                0x000000000043f114                p32x_trigger_irq
                0x000000000043f164                p32x_update_cmd_irq
                0x000000000043f1d4                Pico32xStartup
                0x000000000043f2c8                p32x_reset_sh2s
                0x000000000043f4b0                Pico32xInit
                0x000000000043f50c                PicoPower32x
                0x000000000043f54c                PicoUnload32x
                0x000000000043f5b0                PicoReset32x
                0x000000000043f674                p32x_schedule_hint
                0x000000000043f788                p32x_event_schedule
                0x000000000043f7c8                p32x_event_schedule_sh2
                0x000000000043f860                p32x_sync_other_sh2
                0x000000000043f970                p32x_sync_sh2s
                0x000000000043f99c                sync_sh2s_lockstep
                0x000000000043fa34                PicoFrame32x
                0x0000000000440fa0                Pico32xSetClocks
                0x0000000000441090                Pico32xStateLoaded
 .text          0x0000000000441210     0x3d10 pico/32x/memory.o
                0x0000000000443320                p32x_m68k_poll_event
                0x0000000000443368                p32x_sh2_poll_event
                0x00000000004433a8                PicoRead8_32x
                0x0000000000443418                PicoRead16_32x
                0x000000000044347c                PicoWrite8_32x
                0x0000000000443550                PicoWrite16_32x
                0x000000000044361c                p32x_sh2_read8
                0x0000000000443658                p32x_sh2_read16
                0x0000000000443698                p32x_sh2_read32
                0x000000000044377c                p32x_sh2_write8
                0x0000000000443798                p32x_sh2_write16
                0x00000000004437b4                p32x_sh2_write32
                0x0000000000443834                Pico32xSwapDRAM
                0x0000000000444210                PicoMemSetup32x
                0x0000000000444d98                p32x_update_banks
                0x0000000000444e58                Pico32xMemStateLoaded
 .text          0x0000000000444f20     0x1690 pico/32x/draw.o
                0x0000000000445e50                FinalizeLine32xRGB555
                0x000000000044610c                PicoDraw32xLayer
                0x000000000044634c                PicoDraw32xLayerMdOnly
                0x0000000000446530                PicoDrawSetOutFormat32x
 .text          0x00000000004465b0     0x10b0 pico/32x/sh2soc.o
                0x0000000000446de4                p32x_timers_recalc
                0x0000000000446e70                p32x_timers_do
                0x0000000000446fd8                sh2_peripheral_reset
                0x000000000044702c                sh2_peripheral_read8
                0x0000000000447040                sh2_peripheral_read16
                0x0000000000447054                sh2_peripheral_read32
                0x0000000000447064                sh2_peripheral_write8
                0x0000000000447174                sh2_peripheral_write16
                0x0000000000447224                sh2_peripheral_write32
                0x0000000000447468                p32x_dreq0_trigger
                0x00000000004474f8                p32x_dreq1_trigger
 .text          0x0000000000447660      0xe20 pico/32x/pwm.o
                0x000000000044794c                p32x_pwm_ctl_changed
                0x00000000004479c4                p32x_pwm_schedule
                0x0000000000447ac8                p32x_pwm_schedule_sh2
                0x0000000000447bf4                p32x_pwm_sync_to_sh2
                0x0000000000447c58                p32x_pwm_irq_event
                0x0000000000447d5c                p32x_pwm_read16
                0x0000000000447e68                p32x_pwm_write16
                0x0000000000448114                p32x_pwm_update
                0x000000000044838c                p32x_pwm_state_loaded
 .text          0x0000000000448480      0x2a0 pico/pico/pico.o
                0x0000000000448590                PicoReratePico
                0x0000000000448614                PicoInitPico
 .text          0x0000000000448720      0x2a0 pico/pico/memory.o
                0x0000000000448900                PicoMemSetupPico
 .text          0x00000000004489c0      0x480 pico/pico/xpcm.o
                0x00000000004489c0                PicoPicoPCMReset
                0x00000000004489f0                PicoPicoPCMRerate
                0x0000000000448a14                PicoPicoPCMUpdate
 .text          0x0000000000448e40     0x2270 pico/carthw/carthw.o
                0x0000000000449a4c                carthw_ssf2_write8
                0x0000000000449b70                carthw_ssf2_write16
                0x000000000044a968                carthw_ssf2_startup
                0x000000000044aa28                carthw_Xin1_startup
                0x000000000044aa98                carthw_realtec_startup
                0x000000000044ab88                carthw_radica_startup
                0x000000000044abf8                carthw_pier_startup
                0x000000000044adc8                carthw_sprot_new_location
                0x000000000044af78                carthw_sprot_startup
                0x000000000044afc8                carthw_prot_lk3_startup
 .text          0x000000000044b0b0      0x3b0 pico/carthw/eeprom_spi.o
                0x000000000044b0b0                eeprom_spi_init
                0x000000000044b0e8                eeprom_spi_write
                0x000000000044b44c                eeprom_spi_read
 .text          0x000000000044b460      0x250 pico/carthw/svp/svp.o
                0x000000000044b560                PicoSVPInit
                0x000000000044b568                PicoSVPStartup
 .text          0x000000000044b6b0      0x460 pico/carthw/svp/memory.o
                0x000000000044b968                PicoSVPMemSetup
 .text          0x000000000044bb10     0x3060 pico/carthw/svp/ssp16.o
                0x000000000044ce78                ssp1601_reset
                0x000000000044cea0                ssp1601_run
 .text          0x000000000044eb70      0xfa0 pico/sound/sound.o
                0x000000000044ee3c                PsndStartFrame
                0x000000000044eeb8                PsndDoDAC
                0x000000000044ef80                PsndDoPSG
                0x000000000044f01c                cdda_start_play
                0x000000000044f0d8                PsndClear
                0x000000000044f194                PsndRerate
                0x000000000044f760                PsndReset
                0x000000000044f7a8                PsndGetSamples
                0x000000000044f9c0                PsndGetSamplesMS
 .text          0x000000000044fb10      0x690 pico/sound/sn76496.o
                0x000000000044fb10                SN76496Write
                0x000000000044fcb8                SN76496Update
                0x000000000044ffe8                SN76496_init
 .text          0x00000000004501a0     0x8cb0 pico/sound/ym2612.o
                0x0000000000451dd0                YM2612UpdateOne_
                0x00000000004545c0                YM2612ResetChip_
                0x00000000004547c4                YM2612Init_
                0x0000000000457d70                YM2612Write_
                0x0000000000458638                YM2612PicoStateLoad_
                0x0000000000458770                YM2612PicoStateSave2
                0x0000000000458a90                YM2612PicoStateLoad2
                0x0000000000458e38                YM2612GetRegs
 .text          0x0000000000458e50      0x190 pico/sound/mix.o
                0x0000000000458e50                mix_32_to_16l_stereo
                0x0000000000458eb8                mix_32_to_16_mono
                0x0000000000458f04                mix_16h_to_32
                0x0000000000458f38                mix_16h_to_32_s1
                0x0000000000458f88                mix_16h_to_32_s2
 .text          0x0000000000458fe0    0x5ebb0 cpu/fame/famec.o
                0x00000000004591cc                fm68k_get_pc
                0x00000000004591d4                fm68k_would_interrupt
                0x00000000004591ec                fm68k_emulate
                0x00000000004b7aa0                fm68k_init
                0x00000000004b7ac4                fm68k_reset
                0x00000000004b7b64                fm68k_idle_install
                0x00000000004b7b74                fm68k_idle_remove
 .text          0x00000000004b7b90     0x7c00 cpu/cz80/cz80.o
                0x00000000004b7b98                Cz80_Init
                0x00000000004b8034                Cz80_Reset
                0x00000000004b8064                Cz80_Exec
                0x00000000004bf0dc                Cz80_Set_IRQ
                0x00000000004bf3e0                Cz80_Get_Reg
                0x00000000004bf4b0                Cz80_Set_Reg
                0x00000000004bf59c                Cz80_Set_Fetch
                0x00000000004bf768                Cz80_Set_ReadB
                0x00000000004bf770                Cz80_Set_WriteB
                0x00000000004bf778                Cz80_Set_INPort
                0x00000000004bf780                Cz80_Set_OUTPort
                0x00000000004bf788                Cz80_Set_IRQ_Callback
 .text          0x00000000004bf790       0x80 cpu/drc/cmn.o
                0x00000000004bf790                drc_cmn_init
                0x00000000004bf808                drc_cmn_cleanup
 .text          0x00000000004bf810      0x3c0 cpu/sh2/sh2.o
                0x00000000004bf810                sh2_init
                0x00000000004bf874                sh2_finish
                0x00000000004bf87c                sh2_reset
                0x00000000004bf8cc                sh2_do_irq
                0x00000000004bf984                sh2_irl_irq
                0x00000000004bfac0                sh2_internal_irq
                0x00000000004bfae4                sh2_pack
                0x00000000004bfb50                sh2_unpack
 .text          0x00000000004bfbd0     0x27c0 cpu/sh2/mame/sh2pico.o
                0x00000000004c0418                sh2_execute_interpreter
 .text.stub.1   0x00000000004c2390       0x10 linker stubs
                0x00000000004c2398                .pic.__divdi3
 .text          0x00000000004c23a0      0x4b0 /opt/rs90-toolchain/lib/gcc/mipsel-rs90-linux-musl/8.3.0/libgcc.a(_divdi3.o)
                0x00000000004c23a0                __divdi3
 .text.stub.4   0x00000000004c2850       0x10 linker stubs
                0x00000000004c2858                .pic.__moddi3
 .text          0x00000000004c2860      0x470 /opt/rs90-toolchain/lib/gcc/mipsel-rs90-linux-musl/8.3.0/libgcc.a(_moddi3.o)
                0x00000000004c2860                __moddi3
 .text.stub.7   0x00000000004c2cd0       0x10 linker stubs
                0x00000000004c2cd8                .pic.__addsf3
 .text          0x00000000004c2ce0      0x580 /opt/rs90-toolchain/lib/gcc/mipsel-rs90-linux-musl/8.3.0/libgcc.a(addsf3.o)
                0x00000000004c2ce0                __addsf3
 .text.stub.14  0x00000000004c3260       0x10 linker stubs
                0x00000000004c3268                .pic.__divsf3
 .text          0x00000000004c3270      0x460 /opt/rs90-toolchain/lib/gcc/mipsel-rs90-linux-musl/8.3.0/libgcc.a(divsf3.o)
                0x00000000004c3270                __divsf3
 .text.stub.6   0x00000000004c36d0       0x10 linker stubs
                0x00000000004c36d8                .pic.__mulsf3
 .text          0x00000000004c36e0      0x3b0 /opt/rs90-toolchain/lib/gcc/mipsel-rs90-linux-musl/8.3.0/libgcc.a(mulsf3.o)
                0x00000000004c36e0                __mulsf3
 .text.stub.9   0x00000000004c3a90       0x10 linker stubs
                0x00000000004c3a98                .pic.(float, int, long long, short, float, short, int)
 .text          0x00000000004c3aa0       0x80 /opt/rs90-toolchain/lib/gcc/mipsel-rs90-linux-musl/8.3.0/libgcc.a(fixsfsi.o)
                0x00000000004c3aa0                __fixsfsi
 .text.stub.2   0x00000000004c3b20       0x10 linker stubs
                0x00000000004c3b28                .pic.__floatsisf
 .text          0x00000000004c3b30      0x150 /opt/rs90-toolchain/lib/gcc/mipsel-rs90-linux-musl/8.3.0/libgcc.a(floatsisf.o)
                0x00000000004c3b30                __floatsisf
 .text.stub.11  0x00000000004c3c80       0x10 linker stubs
                0x00000000004c3c88                .pic.__adddf3
 .text          0x00000000004c3c90      0x9d0 /opt/rs90-toolchain/lib/gcc/mipsel-rs90-linux-musl/8.3.0/libgcc.a(adddf3.o)
                0x00000000004c3c90                __adddf3
 .text.stub.12  0x00000000004c4660       0x10 linker stubs
                0x00000000004c4668                .pic.__divdf3
 .text          0x00000000004c4670      0x850 /opt/rs90-toolchain/lib/gcc/mipsel-rs90-linux-musl/8.3.0/libgcc.a(divdf3.o)
                0x00000000004c4670                __divdf3
 .text.stub.3   0x00000000004c4ec0       0x10 linker stubs
                0x00000000004c4ec8                .pic.__gtdf2
 .text          0x00000000004c4ed0      0x160 /opt/rs90-toolchain/lib/gcc/mipsel-rs90-linux-musl/8.3.0/libgcc.a(gedf2.o)
                0x00000000004c4ed0                __gtdf2
                0x00000000004c4ed0                __gedf2
 .text.stub.10  0x00000000004c5030       0x10 linker stubs
                0x00000000004c5038                .pic.__muldf3
 .text          0x00000000004c5040      0x610 /opt/rs90-toolchain/lib/gcc/mipsel-rs90-linux-musl/8.3.0/libgcc.a(muldf3.o)
                0x00000000004c5040                __muldf3
 .text.stub.16  0x00000000004c5650       0x10 linker stubs
                0x00000000004c5658                .pic.(float, int, long long, double, float, short, int)
 .text          0x00000000004c5660       0x90 /opt/rs90-toolchain/lib/gcc/mipsel-rs90-linux-musl/8.3.0/libgcc.a(fixdfsi.o)
                0x00000000004c5660                __fixdfsi
 .text.stub.8   0x00000000004c56f0       0x10 linker stubs
                0x00000000004c56f8                .pic.__fixunsdfsi
 .text          0x00000000004c5700       0x80 /opt/rs90-toolchain/lib/gcc/mipsel-rs90-linux-musl/8.3.0/libgcc.a(fixunsdfsi.o)
                0x00000000004c5700                __fixunsdfsi
 .text.stub.13  0x00000000004c5780       0x10 linker stubs
                0x00000000004c5788                .pic.__floatsidf
 .text          0x00000000004c5790      0x100 /opt/rs90-toolchain/lib/gcc/mipsel-rs90-linux-musl/8.3.0/libgcc.a(floatsidf.o)
                0x00000000004c5790                __floatsidf
 .text.stub.5   0x00000000004c5890       0x10 linker stubs
                0x00000000004c5898                .pic.__floatunsidf
 .text          0x00000000004c58a0       0xb0 /opt/rs90-toolchain/lib/gcc/mipsel-rs90-linux-musl/8.3.0/libgcc.a(floatunsidf.o)
                0x00000000004c58a0                __floatunsidf
 .text.stub.15  0x00000000004c5950       0x10 linker stubs
                0x00000000004c5958                .pic.__truncdfsf2
 .text          0x00000000004c5960      0x260 /opt/rs90-toolchain/lib/gcc/mipsel-rs90-linux-musl/8.3.0/libgcc.a(truncdfsf2.o)
                0x00000000004c5960                __truncdfsf2
 .text          0x00000000004c5bc0       0x60 /opt/rs90-toolchain/lib/gcc/mipsel-rs90-linux-musl/8.3.0/crtend.o
 .text          0x00000000004c5c20        0x0 /opt/rs90-toolchain/mipsel-rs90-linux-musl/sysroot/lib/crtn.o
 *(.gnu.warning)
 *(.mips16.fn.*)
 *(.mips16.call.*)

.MIPS.stubs     0x00000000004c5c20       0x20
 .MIPS.stubs    0x00000000004c5c20       0x20 /opt/rs90-toolchain/mipsel-rs90-linux-musl/sysroot/lib/crt1.o
                0x00000000004c5c20                _MIPS_STUBS_
                0x00000000004c5c20                __libc_start_main

.fini           0x00000000004c5c40       0x3c
 *(SORT_NONE(.fini))
 .fini          0x00000000004c5c40        0xc /opt/rs90-toolchain/mipsel-rs90-linux-musl/sysroot/lib/crti.o
                0x00000000004c5c40                _fini
 .fini          0x00000000004c5c4c       0x20 /opt/rs90-toolchain/lib/gcc/mipsel-rs90-linux-musl/8.3.0/crtbegin.o
 .fini          0x00000000004c5c6c       0x10 /opt/rs90-toolchain/mipsel-rs90-linux-musl/sysroot/lib/crtn.o
                [!provide]                        PROVIDE (__etext = .)
                [!provide]                        PROVIDE (_etext = .)
                [!provide]                        PROVIDE (etext = .)

.rodata         0x00000000004c5c80     0xb6d0
 *(.rodata .rodata.* .gnu.linkonce.r.*)
 .rodata.str1.4
                0x00000000004c5c80       0x46 platform/opendingux/inputmap.o
                                         0x54 (size before relaxing)
 *fill*         0x00000000004c5cc6        0xa 
 .rodata        0x00000000004c5cd0      0x570 platform/opendingux/inputmap.o
                0x00000000004c5cd0                in_sdl_key_names
                0x00000000004c61dc                in_sdl_key_map
                0x00000000004c6204                in_sdl_defbinds
 .rodata.str1.4
                0x00000000004c6240       0x47 platform/linux/emu.o
                                         0x4c (size before relaxing)
 *fill*         0x00000000004c6287        0x1 
 .rodata.str1.4
                0x00000000004c6288        0xf platform/common/plat_sdl.o
                                         0x18 (size before relaxing)
 *fill*         0x00000000004c6297        0x9 
 .rodata        0x00000000004c62a0       0xc0 platform/common/plat_sdl.o
                0x00000000004c62b8                in_sdl_joy_map
 .rodata.cst4   0x00000000004c6360       0x1c platform/common/plat_sdl.o
 .rodata.str1.4
                0x00000000004c637c      0x2bc platform/libpicofe/plat_sdl.o
 .rodata.str1.4
                0x00000000004c6638      0x28c platform/libpicofe/in_sdl.o
                                        0x304 (size before relaxing)
 *fill*         0x00000000004c68c4        0xc 
 .rodata        0x00000000004c68d0      0x550 platform/libpicofe/in_sdl.o
 .rodata.str1.4
                0x00000000004c6e20      0x16a platform/common/main.o
                                        0x16c (size before relaxing)
 *fill*         0x00000000004c6f8a        0x6 
 .rodata        0x00000000004c6f90       0x30 platform/common/main.o
 .rodata.str1.4
                0x00000000004c6fc0      0x578 platform/common/emu.o
                                        0x598 (size before relaxing)
 *fill*         0x00000000004c7538        0x8 
 .rodata        0x00000000004c7540       0x30 platform/common/emu.o
 .rodata.str1.4
                0x00000000004c7570      0xb8c platform/common/menu_pico.o
                                        0xbb8 (size before relaxing)
 *fill*         0x00000000004c80fc        0x4 
 .rodata        0x00000000004c8100      0x650 platform/common/menu_pico.o
 .rodata.str1.4
                0x00000000004c8750      0x2eb platform/common/config_file.o
                                        0x340 (size before relaxing)
 *fill*         0x00000000004c8a3b        0x5 
 .rodata        0x00000000004c8a40      0x110 platform/common/config_file.o
 .rodata.str1.4
                0x00000000004c8b50      0x1eb platform/libpicofe/input.o
                                        0x1ec (size before relaxing)
 *fill*         0x00000000004c8d3b        0x1 
 .rodata.str1.4
                0x00000000004c8d3c      0x32f platform/libpicofe/readpng.o
                                        0x338 (size before relaxing)
 *fill*         0x00000000004c906b        0x1 
 .rodata.str1.4
                0x00000000004c906c      0x553 platform/libpicofe/linux/in_evdev.o
                                        0x624 (size before relaxing)
 *fill*         0x00000000004c95bf        0x1 
 .rodata        0x00000000004c95c0      0xc40 platform/libpicofe/linux/in_evdev.o
 .rodata.str1.4
                0x00000000004ca200      0x13a platform/libpicofe/linux/plat.o
                                        0x13c (size before relaxing)
 *fill*         0x00000000004ca33a        0x2 
 .rodata.str1.4
                0x00000000004ca33c       0x29 platform/libpicofe/sndout.o
                                         0x2c (size before relaxing)
 *fill*         0x00000000004ca365        0x3 
 .rodata.str1.4
                0x00000000004ca368       0x13 platform/libpicofe/sndout_sdl.o
                                         0x14 (size before relaxing)
 *fill*         0x00000000004ca37b        0x1 
 .rodata.str1.4
                0x00000000004ca37c      0x403 unzip/unzip.o
                                        0x408 (size before relaxing)
 *fill*         0x00000000004ca77f        0x1 
 .rodata.str1.4
                0x00000000004ca780       0x2a pico/pico.o
                                         0x2c (size before relaxing)
 *fill*         0x00000000004ca7aa        0x6 
 .rodata        0x00000000004ca7b0       0x80 pico/pico.o
 .rodata.str1.4
                0x00000000004ca830      0x4e5 pico/cart.o
                                        0x518 (size before relaxing)
 *fill*         0x00000000004cad15        0xb 
 .rodata        0x00000000004cad20     0x1340 pico/cart.o
 .rodata        0x00000000004cc060       0xd0 pico/memory.o
 .rodata.str1.4
                0x00000000004cc130       0x85 pico/memory.o
                                         0x88 (size before relaxing)
 *fill*         0x00000000004cc1b5        0x3 
 .rodata.cst8   0x00000000004cc1b8        0x8 pico/memory.o
 .rodata.str1.4
                0x00000000004cc1c0      0x6e1 pico/state.o
                                        0x6f8 (size before relaxing)
 *fill*         0x00000000004cc8a1        0xf 
 .rodata        0x00000000004cc8b0      0x260 pico/state.o
 .rodata        0x00000000004ccb10       0x40 pico/sek.o
 .rodata.str1.4
                0x00000000004ccb50       0x31 pico/sek.o
                                         0x34 (size before relaxing)
 *fill*         0x00000000004ccb81        0x3 
 .rodata.str1.4
                0x00000000004ccb84       0x46 pico/z80if.o
                                         0x4c (size before relaxing)
 *fill*         0x00000000004ccbca        0x2 
 .rodata.str1.4
                0x00000000004ccbcc       0x22 pico/videoport.o
                                         0x24 (size before relaxing)
 *fill*         0x00000000004ccbee        0x2 
 .rodata        0x00000000004ccbf0       0x10 pico/draw2.o
 .rodata        0x00000000004ccc00       0x40 pico/draw.o
 .rodata        0x00000000004ccc40      0x400 pico/misc.o
                0x00000000004ccc40                hcounts_32
                0x00000000004cce40                hcounts_40
 .rodata        0x00000000004cd040       0x30 pico/patch.o
 .rodata.str1.4
                0x00000000004cd070        0x5 pico/patch.o
                                          0xc (size before relaxing)
 *fill*         0x00000000004cd075        0x3 
 .rodata.str1.4
                0x00000000004cd078      0x50e pico/debug.o
                                        0x518 (size before relaxing)
 *fill*         0x00000000004cd586        0x2 
 .rodata.str1.4
                0x00000000004cd588      0x146 pico/media.o
                                        0x184 (size before relaxing)
 *fill*         0x00000000004cd6ce        0x2 
 .rodata        0x00000000004cd6d0       0x10 pico/media.o
 .rodata.str1.4
                0x00000000004cd6e0       0x4d pico/sms.o
                                         0x50 (size before relaxing)
 *fill*         0x00000000004cd72d        0x3 
 .rodata        0x00000000004cd730       0x10 pico/cd/mcd.o
 .rodata        0x00000000004cd740      0x510 pico/cd/memory.o
 .rodata        0x00000000004cdc50       0xd0 pico/cd/cdc.o
 .rodata.str1.4
                0x00000000004cdd20       0x83 pico/cd/cdd.o
                                         0x94 (size before relaxing)
 *fill*         0x00000000004cdda3        0xd 
 .rodata        0x00000000004cddb0      0x2f0 pico/cd/cdd.o
 .rodata.str1.4
                0x00000000004ce0a0      0x16a pico/cd/cd_image.o
                                        0x170 (size before relaxing)
 *fill*         0x00000000004ce20a        0x6 
 .rodata        0x00000000004ce210       0x30 pico/cd/cd_image.o
 .rodata.str1.4
                0x00000000004ce240      0x1f4 pico/cd/cue.o
                                        0x214 (size before relaxing)
 .rodata.str1.4
                0x00000000004ce434       0x57 pico/32x/32x.o
                                         0x58 (size before relaxing)
 *fill*         0x00000000004ce48b        0x5 
 .rodata        0x00000000004ce490       0x10 pico/32x/32x.o
 .rodata.cst4   0x00000000004ce4a0        0xc pico/32x/32x.o
 *fill*         0x00000000004ce4ac        0x4 
 .rodata        0x00000000004ce4b0      0x490 pico/32x/memory.o
 .rodata.str1.4
                0x00000000004ce940       0x9b pico/32x/memory.o
                                         0x9c (size before relaxing)
 *fill*         0x00000000004ce9db        0x5 
 .rodata        0x00000000004ce9e0       0x30 pico/32x/draw.o
 .rodata        0x00000000004cea10       0x30 pico/32x/pwm.o
 .rodata.str1.4
                0x00000000004cea40       0x19 pico/pico/pico.o
                                         0x1c (size before relaxing)
 *fill*         0x00000000004cea59        0x7 
 .rodata        0x00000000004cea60       0x20 pico/pico/pico.o
 .rodata        0x00000000004cea80       0x50 pico/pico/memory.o
 .rodata        0x00000000004cead0       0x60 pico/pico/xpcm.o
 .rodata.str1.4
                0x00000000004ceb30      0x199 pico/carthw/carthw.o
                                        0x1ac (size before relaxing)
 *fill*         0x00000000004cecc9        0x7 
 .rodata        0x00000000004cecd0       0x50 pico/carthw/carthw.o
 .rodata        0x00000000004ced20       0x20 pico/carthw/eeprom_spi.o
 .rodata.str1.4
                0x00000000004ced40       0x35 pico/carthw/svp/svp.o
                                         0x38 (size before relaxing)
 *fill*         0x00000000004ced75        0xb 
 .rodata        0x00000000004ced80      0x3e0 pico/carthw/svp/ssp16.o
 .rodata.cst8   0x00000000004cf160        0x8 pico/sound/sn76496.o
                                         0x10 (size before relaxing)
 *fill*         0x00000000004cf168        0x8 
 .rodata        0x00000000004cf170      0x430 pico/sound/ym2612.o
 .rodata.cst8   0x00000000004cf5a0       0xb8 pico/sound/ym2612.o
                                         0xc0 (size before relaxing)
 *fill*         0x00000000004cf658        0x8 
 .rodata        0x00000000004cf660      0x400 cpu/fame/famec.o
 .rodata        0x00000000004cfa60     0x14a0 cpu/cz80/cz80.o
 .rodata.str1.4
                0x00000000004d0f00       0x2c cpu/drc/cmn.o
 .rodata.str1.4
                0x00000000004d0f2c       0x20 cpu/sh2/mame/sh2pico.o
 *fill*         0x00000000004d0f4c        0x4 
 .rodata        0x00000000004d0f50      0x2c0 cpu/sh2/mame/sh2pico.o
 .rodata        0x00000000004d1210       0x80 /opt/rs90-toolchain/lib/gcc/mipsel-rs90-linux-musl/8.3.0/libgcc.a(divsf3.o)
 .rodata        0x00000000004d1290       0x40 /opt/rs90-toolchain/lib/gcc/mipsel-rs90-linux-musl/8.3.0/libgcc.a(mulsf3.o)
 .rodata        0x00000000004d12d0       0x40 /opt/rs90-toolchain/lib/gcc/mipsel-rs90-linux-musl/8.3.0/libgcc.a(divdf3.o)
 .rodata        0x00000000004d1310       0x40 /opt/rs90-toolchain/lib/gcc/mipsel-rs90-linux-musl/8.3.0/libgcc.a(muldf3.o)

.rodata1
 *(.rodata1)

.sdata2
 *(.sdata2 .sdata2.* .gnu.linkonce.s2.*)

.sbss2
 *(.sbss2 .sbss2.* .gnu.linkonce.sb2.*)

.eh_frame_hdr   0x00000000004d1350       0x1c
 *(.eh_frame_hdr)
 .eh_frame_hdr  0x00000000004d1350       0x1c /opt/rs90-toolchain/lib/gcc/mipsel-rs90-linux-musl/8.3.0/libgcc.a(_divdi3.o)
                0x00000000004d1350                __GNU_EH_FRAME_HDR
 *(.eh_frame_entry .eh_frame_entry.*)

.eh_frame       0x00000000004d136c       0x40
 *(.eh_frame)
 .eh_frame      0x00000000004d136c        0x0 /opt/rs90-toolchain/lib/gcc/mipsel-rs90-linux-musl/8.3.0/crtbegin.o
 .eh_frame      0x00000000004d136c       0x28 /opt/rs90-toolchain/lib/gcc/mipsel-rs90-linux-musl/8.3.0/libgcc.a(_divdi3.o)
 .eh_frame      0x00000000004d1394       0x14 /opt/rs90-toolchain/lib/gcc/mipsel-rs90-linux-musl/8.3.0/libgcc.a(_moddi3.o)
                                         0x28 (size before relaxing)
 .eh_frame      0x00000000004d13a8        0x4 /opt/rs90-toolchain/lib/gcc/mipsel-rs90-linux-musl/8.3.0/crtend.o
 *(.eh_frame.*)

.gcc_except_table
 *(.gcc_except_table .gcc_except_table.*)

.gnu_extab
 *(.gnu_extab*)

.exception_ranges
 *(.exception_ranges .exception_ranges*)

.plt            0x00000000004d13c0      0x910
 *(.plt)
 *fill*         0x00000000004d13c0        0x0 
 .plt           0x00000000004d13c0      0x910 /opt/rs90-toolchain/mipsel-rs90-linux-musl/sysroot/lib/crt1.o
                0x00000000004d13c0                _PROCEDURE_LINKAGE_TABLE_
                0x00000000004d13e0                opendir
                0x00000000004d13f0                SDL_JoystickOpen
                0x00000000004d1400                SDL_UnlockSurface
                0x00000000004d1410                qsort
                0x00000000004d1420                ioctl
                0x00000000004d1430                png_set_IHDR@@PNG16_0
                0x00000000004d1440                remove
                0x00000000004d1450                gzclose
                0x00000000004d1460                png_create_write_struct@@PNG16_0
                0x00000000004d1470                realloc
                0x00000000004d1480                SDL_WM_SetCaption
                0x00000000004d1490                SDL_CreateRGBSurface
                0x00000000004d14a0                sscanf
                0x00000000004d14b0                gettimeofday
                0x00000000004d14c0                SDL_DisplayYUVOverlay
                0x00000000004d14d0                SDL_JoystickName
                0x00000000004d14e0                SDL_Quit
                0x00000000004d14f0                inflate
                0x00000000004d1500                SDL_Delay
                0x00000000004d1510                SDL_GetError
                0x00000000004d1520                SDL_Flip
                0x00000000004d1530                snprintf
                0x00000000004d1540                png_write_info@@PNG16_0
                0x00000000004d1550                png_set_longjmp_fn@@PNG16_0
                0x00000000004d1560                SDL_ShowCursor
                0x00000000004d1570                strcmp
                0x00000000004d1580                time
                0x00000000004d1590                SDL_JoystickClose
                0x00000000004d15a0                inflateReset
                0x00000000004d15b0                gzeof
                0x00000000004d15c0                inflateInit2_
                0x00000000004d15d0                memset
                0x00000000004d15e0                stpcpy
                0x00000000004d15f0                SDL_QuitSubSystem
                0x00000000004d1600                alphasort
                0x00000000004d1610                png_destroy_write_struct@@PNG16_0
                0x00000000004d1620                malloc
                0x00000000004d1630                getcwd
                0x00000000004d1640                memmove
                0x00000000004d1650                SDL_VideoDriverName
                0x00000000004d1660                gzread
                0x00000000004d1670                strcat
                0x00000000004d1680                rand
                0x00000000004d1690                log
                0x00000000004d16a0                strncmp
                0x00000000004d16b0                strcpy
                0x00000000004d16c0                strrchr
                0x00000000004d16d0                fstat
                0x00000000004d16e0                closedir
                0x00000000004d16f0                fclose
                0x00000000004d1700                setjmp
                0x00000000004d1710                strdup
                0x00000000004d1720                sleep
                0x00000000004d1730                open
                0x00000000004d1740                pow
                0x00000000004d1750                png_read_png@@PNG16_0
                0x00000000004d1760                SDL_PauseAudio
                0x00000000004d1770                strstr
                0x00000000004d1780                SDL_NumJoysticks
                0x00000000004d1790                png_get_rows@@PNG16_0
                0x00000000004d17a0                munmap
                0x00000000004d17b0                png_destroy_read_struct@@PNG16_0
                0x00000000004d17c0                perror
                0x00000000004d17d0                strchr
                0x00000000004d17e0                strncasecmp
                0x00000000004d17f0                png_get_image_height@@PNG16_0
                0x00000000004d1800                rewind
                0x00000000004d1810                ftell
                0x00000000004d1820                SDL_JoystickEventState
                0x00000000004d1830                SDL_PushEvent
                0x00000000004d1840                png_create_info_struct@@PNG16_0
                0x00000000004d1850                printf
                0x00000000004d1860                SDL_CloseAudio
                0x00000000004d1870                mremap
                0x00000000004d1880                fwrite
                0x00000000004d1890                SDL_LockYUVOverlay
                0x00000000004d18a0                readlink
                0x00000000004d18b0                strncpy
                0x00000000004d18c0                putchar
                0x00000000004d18d0                png_get_bit_depth@@PNG16_0
                0x00000000004d18e0                exit
                0x00000000004d18f0                png_write_end@@PNG16_0
                0x00000000004d1900                png_write_image@@PNG16_0
                0x00000000004d1910                fprintf
                0x00000000004d1920                vprintf
                0x00000000004d1930                gzsetparams
                0x00000000004d1940                SDL_CreateYUVOverlay
                0x00000000004d1950                fgets
                0x00000000004d1960                inflateEnd
                0x00000000004d1970                strncat
                0x00000000004d1980                strtoul
                0x00000000004d1990                fread
                0x00000000004d19a0                close
                0x00000000004d19b0                gmtime
                0x00000000004d19c0                SDL_Init
                0x00000000004d19d0                setlocale
                0x00000000004d19e0                sin
                0x00000000004d19f0                calloc
                0x00000000004d1a00                png_get_image_width@@PNG16_0
                0x00000000004d1a10                read
                0x00000000004d1a20                gzwrite
                0x00000000004d1a30                SDL_UnlockYUVOverlay
                0x00000000004d1a40                SDL_FreeYUVOverlay
                0x00000000004d1a50                SDL_SetVideoMode
                0x00000000004d1a60                __errno_location
                0x00000000004d1a70                mkdir
                0x00000000004d1a80                fcntl
                0x00000000004d1a90                SDL_InitSubSystem
                0x00000000004d1aa0                vsnprintf
                0x00000000004d1ab0                SDL_LockSurface
                0x00000000004d1ac0                trunc
                0x00000000004d1ad0                localtime
                0x00000000004d1ae0                gzseek
                0x00000000004d1af0                mprotect
                0x00000000004d1b00                feof
                0x00000000004d1b10                crc32
                0x00000000004d1b20                atof
                0x00000000004d1b30                png_init_io@@PNG16_0
                0x00000000004d1b40                free
                0x00000000004d1b50                strftime
                0x00000000004d1b60                atoi
                0x00000000004d1b70                stat
                0x00000000004d1b80                png_create_read_struct@@PNG16_0
                0x00000000004d1b90                puts
                0x00000000004d1ba0                fopen
                0x00000000004d1bb0                longjmp
                0x00000000004d1bc0                SDL_PeepEvents
                0x00000000004d1bd0                select
                0x00000000004d1be0                fileno
                0x00000000004d1bf0                SDL_GetVideoInfo
                0x00000000004d1c00                sprintf
                0x00000000004d1c10                getenv
                0x00000000004d1c20                memcpy
                0x00000000004d1c30                strlen
                0x00000000004d1c40                scandir
                0x00000000004d1c50                strtol
                0x00000000004d1c60                usleep
                0x00000000004d1c70                mmap
                0x00000000004d1c80                fseek
                0x00000000004d1c90                strcasecmp
                0x00000000004d1ca0                SDL_OpenAudio
                0x00000000004d1cb0                gzopen
                0x00000000004d1cc0                SDL_PumpEvents

.iplt
 *(.iplt)
                0x00000000004e1cd0                . = DATA_SEGMENT_ALIGN (CONSTANT (MAXPAGESIZE), CONSTANT (COMMONPAGESIZE))

.eh_frame
 *(.eh_frame)
 *(.eh_frame.*)

.gnu_extab
 *(.gnu_extab)

.gcc_except_table
 *(.gcc_except_table .gcc_except_table.*)

.exception_ranges
 *(.exception_ranges .exception_ranges*)

.tdata          0x00000000004e1cd0        0x0
                [!provide]                        PROVIDE (__tdata_start = .)
 *(.tdata .tdata.* .gnu.linkonce.td.*)

.tbss
 *(.tbss .tbss.* .gnu.linkonce.tb.*)
 *(.tcommon)

.preinit_array  0x00000000004e1cd0        0x0
                [!provide]                        PROVIDE (__preinit_array_start = .)
 *(.preinit_array)
                [!provide]                        PROVIDE (__preinit_array_end = .)

.init_array     0x00000000004e1cd0        0x0
                [!provide]                        PROVIDE (__init_array_start = .)
 *(SORT_BY_INIT_PRIORITY(.init_array.*) SORT_BY_INIT_PRIORITY(.ctors.*))
 *(.init_array EXCLUDE_FILE(*crtend?.o *crtend.o *crtbegin?.o *crtbegin.o) .ctors)
                [!provide]                        PROVIDE (__init_array_end = .)

.fini_array     0x00000000004e1cd0        0x0
                [!provide]                        PROVIDE (__fini_array_start = .)
 *(SORT_BY_INIT_PRIORITY(.fini_array.*) SORT_BY_INIT_PRIORITY(.dtors.*))
 *(.fini_array EXCLUDE_FILE(*crtend?.o *crtend.o *crtbegin?.o *crtbegin.o) .dtors)
                [!provide]                        PROVIDE (__fini_array_end = .)

.ctors          0x00000000004e1cd0        0x8
 *crtbegin.o(.ctors)
 .ctors         0x00000000004e1cd0        0x4 /opt/rs90-toolchain/lib/gcc/mipsel-rs90-linux-musl/8.3.0/crtbegin.o
 *crtbegin?.o(.ctors)
 *(EXCLUDE_FILE(*crtend?.o *crtend.o) .ctors)
 *(SORT_BY_NAME(.ctors.*))
 *(.ctors)
 .ctors         0x00000000004e1cd4        0x4 /opt/rs90-toolchain/lib/gcc/mipsel-rs90-linux-musl/8.3.0/crtend.o

.dtors          0x00000000004e1cd8        0x8
 *crtbegin.o(.dtors)
 .dtors         0x00000000004e1cd8        0x4 /opt/rs90-toolchain/lib/gcc/mipsel-rs90-linux-musl/8.3.0/crtbegin.o
 *crtbegin?.o(.dtors)
 *(EXCLUDE_FILE(*crtend?.o *crtend.o) .dtors)
 *(SORT_BY_NAME(.dtors.*))
 *(.dtors)
 .dtors         0x00000000004e1cdc        0x4 /opt/rs90-toolchain/lib/gcc/mipsel-rs90-linux-musl/8.3.0/crtend.o
                0x00000000004e1cdc                __DTOR_END__

.jcr
 *(.jcr)

.data.rel.ro    0x00000000004e1ce0        0x0
 *(.data.rel.ro.local* .gnu.linkonce.d.rel.ro.local.*)
 *(.data.rel.ro .data.rel.ro.* .gnu.linkonce.d.rel.ro.*)
 .data.rel.ro   0x00000000004e1ce0        0x0 /opt/rs90-toolchain/mipsel-rs90-linux-musl/sysroot/lib/crt1.o
                0x00000000004e1ce0                . = DATA_SEGMENT_RELRO_END (., 0x0)

.got.plt        0x00000000004e1ce0      0x244
 *(.got.plt)
 .got.plt       0x00000000004e1ce0      0x244 /opt/rs90-toolchain/mipsel-rs90-linux-musl/sysroot/lib/crt1.o

.data           0x00000000004e1f30     0x1fa0
                0x00000000004e1f30                _fdata = .
 *(.data .data.* .gnu.linkonce.d.*)
 .data          0x00000000004e1f30        0x0 /opt/rs90-toolchain/mipsel-rs90-linux-musl/sysroot/lib/crt1.o
 .data          0x00000000004e1f30        0x0 /opt/rs90-toolchain/mipsel-rs90-linux-musl/sysroot/lib/crti.o
 .data          0x00000000004e1f30        0x0 /opt/rs90-toolchain/lib/gcc/mipsel-rs90-linux-musl/8.3.0/crtbegin.o
 .data          0x00000000004e1f30        0x0 platform/opendingux/inputmap.o
 .data          0x00000000004e1f30       0x20 platform/linux/emu.o
                0x00000000004e1f30                renderer_names32x
                0x00000000004e1f40                renderer_names
 .data          0x00000000004e1f50        0x0 platform/linux/blit.o
 .data          0x00000000004e1f50        0x0 platform/common/plat_sdl.o
 .data          0x00000000004e1f50       0x10 platform/libpicofe/plat_sdl.o
 .data          0x00000000004e1f60        0x0 platform/libpicofe/in_sdl.o
 .data          0x00000000004e1f60        0x0 platform/libpicofe/plat_dummy.o
 .data          0x00000000004e1f60       0x10 platform/common/main.o
 .data          0x00000000004e1f70       0x30 platform/common/emu.o
                0x00000000004e1f78                engineState
                0x00000000004e1f7c                pico_pen_y
                0x00000000004e1f80                pico_pen_x
                0x00000000004e1f84                PicoConfigFile
                0x00000000004e1f88                g_screen_ppitch
                0x00000000004e1f8c                g_screen_height
                0x00000000004e1f90                g_screen_width
 .data          0x00000000004e1fa0     0x1100 platform/common/menu_pico.o
                0x00000000004e2f60                indev_names
                0x00000000004e2f70                emuctrl_actions
                0x00000000004e2fe0                me_ctrl_actions
 .data          0x00000000004e30a0        0x0 platform/common/config_file.o
 .data          0x00000000004e30a0        0x0 platform/libpicofe/input.o
 .data          0x00000000004e30a0        0x0 platform/libpicofe/readpng.o
 .data          0x00000000004e30a0      0xc00 platform/libpicofe/fonts.o
                0x00000000004e30a0                fontdata6x8
                0x00000000004e38a0                fontdata8x8
 .data          0x00000000004e3ca0        0x0 platform/libpicofe/linux/in_evdev.o
 .data          0x00000000004e3ca0        0x0 platform/libpicofe/linux/plat.o
 .data          0x00000000004e3ca0       0x40 platform/libpicofe/sndout.o
 .data          0x00000000004e3ce0        0x0 platform/libpicofe/sndout_sdl.o
 .data          0x00000000004e3ce0       0x20 platform/common/mp3.o
                0x00000000004e3ce0                mpeg1_l3_bitrates
 .data          0x00000000004e3d00        0x0 platform/common/mp3_dummy.o
 .data          0x00000000004e3d00       0x10 unzip/unzip.o
 .data          0x00000000004e3d10        0x0 pico/pico.o
 .data          0x00000000004e3d10        0x0 pico/cart.o
 .data          0x00000000004e3d10       0x10 pico/memory.o
 .data          0x00000000004e3d20        0x0 pico/state.o
 .data          0x00000000004e3d20        0x0 pico/sek.o
 .data          0x00000000004e3d20        0x0 pico/z80if.o
 .data          0x00000000004e3d20        0x0 pico/videoport.o
 .data          0x00000000004e3d20       0x10 pico/draw2.o
                0x00000000004e3d20                PicoCramHigh
 .data          0x00000000004e3d30       0x10 pico/draw.o
                0x00000000004e3d30                DrawLineDestBase
 .data          0x00000000004e3d40        0x0 pico/mode4.o
 .data          0x00000000004e3d40        0x0 pico/misc.o
 .data          0x00000000004e3d40       0x10 pico/eeprom.o
 .data          0x00000000004e3d50       0x70 pico/patch.o
 .data          0x00000000004e3dc0        0x0 pico/debug.o
 .data          0x00000000004e3dc0        0x0 pico/media.o
 .data          0x00000000004e3dc0        0x0 pico/sms.o
 .data          0x00000000004e3dc0        0x0 pico/cd/mcd.o
 .data          0x00000000004e3dc0        0x0 pico/cd/memory.o
 .data          0x00000000004e3dc0        0x0 pico/cd/sek.o
 .data          0x00000000004e3dc0        0x0 pico/cd/cdc.o
 .data          0x00000000004e3dc0        0x0 pico/cd/cdd.o
 .data          0x00000000004e3dc0        0x0 pico/cd/cd_image.o
 .data          0x00000000004e3dc0        0x0 pico/cd/cue.o
 .data          0x00000000004e3dc0        0x0 pico/cd/gfx.o
 .data          0x00000000004e3dc0        0x0 pico/cd/gfx_dma.o
 .data          0x00000000004e3dc0       0x40 pico/cd/misc.o
                0x00000000004e3dc0                formatted_bram
 .data          0x00000000004e3e00        0x0 pico/cd/pcm.o
 .data          0x00000000004e3e00        0x0 pico/32x/32x.o
 .data          0x00000000004e3e00        0x0 pico/32x/memory.o
 .data          0x00000000004e3e00        0x0 pico/32x/draw.o
 .data          0x00000000004e3e00        0x0 pico/32x/sh2soc.o
 .data          0x00000000004e3e00        0x0 pico/32x/pwm.o
 .data          0x00000000004e3e00       0x10 pico/pico/pico.o
 .data          0x00000000004e3e10        0x0 pico/pico/memory.o
 .data          0x00000000004e3e10       0x10 pico/pico/xpcm.o
 .data          0x00000000004e3e20       0x70 pico/carthw/carthw.o
 .data          0x00000000004e3e90        0x0 pico/carthw/eeprom_spi.o
 .data          0x00000000004e3e90       0x30 pico/carthw/svp/svp.o
 .data          0x00000000004e3ec0        0x0 pico/carthw/svp/memory.o
 .data          0x00000000004e3ec0        0x0 pico/carthw/svp/ssp16.o
 .data          0x00000000004e3ec0       0x10 pico/sound/sound.o
                0x00000000004e3ec0                PsndMix_32_to_16l
 .data          0x00000000004e3ed0        0x0 pico/sound/sn76496.o
 .data          0x00000000004e3ed0        0x0 pico/sound/ym2612.o
 .data          0x00000000004e3ed0        0x0 pico/sound/mix.o
 .data          0x00000000004e3ed0        0x0 cpu/fame/famec.o
 .data          0x00000000004e3ed0        0x0 cpu/cz80/cz80.o
 .data          0x00000000004e3ed0        0x0 cpu/drc/cmn.o
 .data          0x00000000004e3ed0        0x0 cpu/sh2/sh2.o
 .data          0x00000000004e3ed0        0x0 cpu/sh2/mame/sh2pico.o
 .data          0x00000000004e3ed0        0x0 /opt/rs90-toolchain/lib/gcc/mipsel-rs90-linux-musl/8.3.0/libgcc.a(_divdi3.o)
 .data          0x00000000004e3ed0        0x0 /opt/rs90-toolchain/lib/gcc/mipsel-rs90-linux-musl/8.3.0/libgcc.a(_moddi3.o)
 .data          0x00000000004e3ed0        0x0 /opt/rs90-toolchain/lib/gcc/mipsel-rs90-linux-musl/8.3.0/libgcc.a(addsf3.o)
 .data          0x00000000004e3ed0        0x0 /opt/rs90-toolchain/lib/gcc/mipsel-rs90-linux-musl/8.3.0/libgcc.a(divsf3.o)
 .data          0x00000000004e3ed0        0x0 /opt/rs90-toolchain/lib/gcc/mipsel-rs90-linux-musl/8.3.0/libgcc.a(mulsf3.o)
 .data          0x00000000004e3ed0        0x0 /opt/rs90-toolchain/lib/gcc/mipsel-rs90-linux-musl/8.3.0/libgcc.a(fixsfsi.o)
 .data          0x00000000004e3ed0        0x0 /opt/rs90-toolchain/lib/gcc/mipsel-rs90-linux-musl/8.3.0/libgcc.a(floatsisf.o)
 .data          0x00000000004e3ed0        0x0 /opt/rs90-toolchain/lib/gcc/mipsel-rs90-linux-musl/8.3.0/libgcc.a(adddf3.o)
 .data          0x00000000004e3ed0        0x0 /opt/rs90-toolchain/lib/gcc/mipsel-rs90-linux-musl/8.3.0/libgcc.a(divdf3.o)
 .data          0x00000000004e3ed0        0x0 /opt/rs90-toolchain/lib/gcc/mipsel-rs90-linux-musl/8.3.0/libgcc.a(gedf2.o)
 .data          0x00000000004e3ed0        0x0 /opt/rs90-toolchain/lib/gcc/mipsel-rs90-linux-musl/8.3.0/libgcc.a(muldf3.o)
 .data          0x00000000004e3ed0        0x0 /opt/rs90-toolchain/lib/gcc/mipsel-rs90-linux-musl/8.3.0/libgcc.a(fixdfsi.o)
 .data          0x00000000004e3ed0        0x0 /opt/rs90-toolchain/lib/gcc/mipsel-rs90-linux-musl/8.3.0/libgcc.a(fixunsdfsi.o)
 .data          0x00000000004e3ed0        0x0 /opt/rs90-toolchain/lib/gcc/mipsel-rs90-linux-musl/8.3.0/libgcc.a(floatsidf.o)
 .data          0x00000000004e3ed0        0x0 /opt/rs90-toolchain/lib/gcc/mipsel-rs90-linux-musl/8.3.0/libgcc.a(floatunsidf.o)
 .data          0x00000000004e3ed0        0x0 /opt/rs90-toolchain/lib/gcc/mipsel-rs90-linux-musl/8.3.0/libgcc.a(truncdfsf2.o)
 .data          0x00000000004e3ed0        0x0 /opt/rs90-toolchain/lib/gcc/mipsel-rs90-linux-musl/8.3.0/crtend.o
 .data          0x00000000004e3ed0        0x0 /opt/rs90-toolchain/mipsel-rs90-linux-musl/sysroot/lib/crtn.o

.rld_map        0x00000000004e3ed0        0x4
 .rld_map       0x00000000004e3ed0        0x4 /opt/rs90-toolchain/mipsel-rs90-linux-musl/sysroot/lib/crt1.o
                0x00000000004e3ed0                __RLD_MAP

.tm_clone_table
                0x00000000004e3ed4        0x0
 .tm_clone_table
                0x00000000004e3ed4        0x0 /opt/rs90-toolchain/lib/gcc/mipsel-rs90-linux-musl/8.3.0/crtbegin.o
 .tm_clone_table
                0x00000000004e3ed4        0x0 /opt/rs90-toolchain/lib/gcc/mipsel-rs90-linux-musl/8.3.0/crtend.o

.data1
 *(.data1)
                0x00000000004e3ed4                . = .
                0x00000000004ebed0                _gp = (ALIGN (0x10) + 0x7ff0)

.got            0x00000000004e3ee0       0x48
 *(.got)
 .got           0x00000000004e3ee0       0x48 /opt/rs90-toolchain/mipsel-rs90-linux-musl/sysroot/lib/crt1.o
                0x00000000004e3ee0                _GLOBAL_OFFSET_TABLE_

.sdata          0x00000000004e3f28        0x4
 *(.sdata .sdata.* .gnu.linkonce.s.*)
 .sdata         0x00000000004e3f28        0x4 /opt/rs90-toolchain/lib/gcc/mipsel-rs90-linux-musl/8.3.0/crtbegin.o
                0x00000000004e3f28                __dso_handle

.lit8
 *(.lit8)

.lit4
 *(.lit4)
                0x00000000004e3f2c                _edata = .
                [!provide]                        PROVIDE (edata = .)
                0x00000000004e3f2c                . = .
                0x00000000004e3f2c                __bss_start = .
                0x00000000004e3f2c                _fbss = .

.sbss           0x00000000004e3f2c       0xa8
 *(.dynsbss)
 *(.sbss .sbss.* .gnu.linkonce.sb.*)
 *(.scommon)
 .scommon       0x00000000004e3f2c       0x18 platform/libpicofe/plat_sdl.o
                0x00000000004e3f2c                plat_sdl_screen
                0x00000000004e3f30                plat_sdl_quit_cb
                0x00000000004e3f34                plat_sdl_gl_active
                0x00000000004e3f38                plat_sdl_overlay
                0x00000000004e3f3c                ScreenSurface
                0x00000000004e3f40                plat_sdl_resize_cb
 .scommon       0x00000000004e3f44        0x4 platform/common/main.o
                0x00000000004e3f44                g_argv
 .scommon       0x00000000004e3f48       0x10 platform/common/emu.o
                0x00000000004e3f48                g_screen_ptr
                0x00000000004e3f4c                flip_after_sync
                0x00000000004e3f50                rom_fname_reload
                0x00000000004e3f54                pico_inp_mode
 .scommon       0x00000000004e3f58       0x1c platform/common/menu_pico.o
                0x00000000004e3f58                g_autostateld_opt
                0x00000000004e3f5c                g_menuscreen_w
                0x00000000004e3f60                g_menubg_ptr
                0x00000000004e3f64                g_menuscreen_ptr
                0x00000000004e3f68                g_menuscreen_h
                0x00000000004e3f6c                g_menuscreen_pp
                0x00000000004e3f70                g_menubg_src_ptr
 .scommon       0x00000000004e3f74        0x4 platform/libpicofe/linux/in_evdev.o
                0x00000000004e3f74                in_evdev_allow_abs_only
 .scommon       0x00000000004e3f78        0xc pico/cart.o
                0x00000000004e3f78                PicoGameLoaded
                0x00000000004e3f7c                PicoCartMemSetup
                0x00000000004e3f80                PicoCartUnloadHook
 .scommon       0x00000000004e3f84        0xc pico/state.o
                0x00000000004e3f84                PicoStateProgressCB
                0x00000000004e3f88                carthw_chunks
                0x00000000004e3f8c                PicoLoadStateHook
 .scommon       0x00000000004e3f90        0xc pico/draw.o
                0x00000000004e3f90                DrawLineDestIncrement
                0x00000000004e3f94                rendlines
                0x00000000004e3f98                rendstatus_old
 .scommon       0x00000000004e3f9c        0x8 pico/cd/sek.o
                0x00000000004e3f9c                SekCycleCntS68k
                0x00000000004e3fa0                SekCycleAimS68k
 .scommon       0x00000000004e3fa4       0x10 pico/32x/memory.o
                0x00000000004e3fa4                Pico32xMem
                0x00000000004e3fa8                p32x_bios_m
                0x00000000004e3fac                p32x_bios_g
                0x00000000004e3fb0                p32x_bios_s
 .scommon       0x00000000004e3fb4        0xc pico/32x/draw.o
                0x00000000004e3fb4                Pico32xDrawMode
                0x00000000004e3fb8                PicoScan32xEnd
                0x00000000004e3fbc                PicoScan32xBegin
 .scommon       0x00000000004e3fc0        0xc pico/carthw/carthw.o
                0x00000000004e3fc0                carthw_ssf2_banks
                0x00000000004e3fc8                carthw_ssf2_active
 .scommon       0x00000000004e3fcc        0x4 pico/sound/sn76496.o
                0x00000000004e3fcc                sn76496_regs
 .scommon       0x00000000004e3fd0        0x4 cpu/drc/cmn.o
                0x00000000004e3fd0                tcache

.bss            0x00000000004e4000   0x33a000
 *(.dynbss)
 .dynbss        0x00000000004e4000        0x4 /opt/rs90-toolchain/mipsel-rs90-linux-musl/sysroot/lib/crt1.o
                0x00000000004e4000                stderr
 *(.bss .bss.* .gnu.linkonce.b.*)
 *fill*         0x00000000004e4004        0xc 
 .bss           0x00000000004e4010        0x0 /opt/rs90-toolchain/mipsel-rs90-linux-musl/sysroot/lib/crt1.o
 .bss           0x00000000004e4010        0x0 /opt/rs90-toolchain/mipsel-rs90-linux-musl/sysroot/lib/crti.o
 .bss           0x00000000004e4010       0x20 /opt/rs90-toolchain/lib/gcc/mipsel-rs90-linux-musl/8.3.0/crtbegin.o
 .bss           0x00000000004e4030        0x0 platform/opendingux/inputmap.o
 .bss           0x00000000004e4030        0x0 platform/linux/emu.o
 .bss           0x00000000004e4030        0x0 platform/linux/blit.o
 .bss           0x00000000004e4030      0x210 platform/common/plat_sdl.o
 .bss           0x00000000004e4240       0x50 platform/libpicofe/plat_sdl.o
 .bss           0x00000000004e4290       0x10 platform/libpicofe/in_sdl.o
 .bss           0x00000000004e42a0        0x0 platform/libpicofe/plat_dummy.o
 .bss           0x00000000004e42a0        0x0 platform/common/main.o
 .bss           0x00000000004e42a0     0x1100 platform/common/emu.o
                0x00000000004e42a0                movie_data
                0x00000000004e42a4                reset_timing
                0x00000000004e42a8                config_slot_current
                0x00000000004e42ac                config_slot
                0x00000000004e42b0                state_slot
 .bss           0x00000000004e53a0      0x210 platform/common/menu_pico.o
                0x00000000004e53a0                menu_error_msg
 .bss           0x00000000004e55b0        0x0 platform/common/config_file.o
 .bss           0x00000000004e55b0      0x180 platform/libpicofe/input.o
 .bss           0x00000000004e5730        0x0 platform/libpicofe/readpng.o
 .bss           0x00000000004e5730        0x0 platform/libpicofe/fonts.o
 .bss           0x00000000004e5730        0x0 platform/libpicofe/linux/in_evdev.o
 .bss           0x00000000004e5730       0x10 platform/libpicofe/linux/plat.o
 .bss           0x00000000004e5740        0x0 platform/libpicofe/sndout.o
 .bss           0x00000000004e5740    0x10010 platform/libpicofe/sndout_sdl.o
 .bss           0x00000000004f5750       0x20 platform/common/mp3.o
 .bss           0x00000000004f5770        0x0 platform/common/mp3_dummy.o
 .bss           0x00000000004f5770        0x0 unzip/unzip.o
 .bss           0x00000000004f5770       0x10 pico/pico.o
                0x00000000004f5770                PicoLineHook
                0x00000000004f5774                PicoResetHook
 .bss           0x00000000004f5780       0x10 pico/cart.o
                0x00000000004f5780                PicoCDLoadProgressCB
                0x00000000004f5784                PicoCartLoadProgressCB
 .bss           0x00000000004f5790        0x0 pico/memory.o
 .bss           0x00000000004f5790       0x20 pico/state.o
 .bss           0x00000000004f57b0       0x10 pico/sek.o
 .bss           0x00000000004f57c0        0x0 pico/z80if.o
 .bss           0x00000000004f57c0       0x10 pico/videoport.o
                0x00000000004f57c0                PicoDmaHook
 .bss           0x00000000004f57d0    0x16d40 pico/draw2.o
                0x00000000004f57d0                PicoPrepareCram
 .bss           0x000000000050c510      0xa40 pico/draw.o
                0x000000000050c510                PicoScanEnd
                0x000000000050c514                PicoScanBegin
 .bss           0x000000000050cf50       0x10 pico/mode4.o
 .bss           0x000000000050cf60        0x0 pico/misc.o
 .bss           0x000000000050cf60        0x0 pico/eeprom.o
 .bss           0x000000000050cf60       0x10 pico/patch.o
                0x000000000050cf60                PicoPatchCount
                0x000000000050cf64                PicoPatches
 .bss           0x000000000050cf70     0x2000 pico/debug.o
 .bss           0x000000000050ef70        0x0 pico/media.o
 .bss           0x000000000050ef70       0x10 pico/sms.o
 .bss           0x000000000050ef80       0x10 pico/cd/mcd.o
 .bss           0x000000000050ef90        0x0 pico/cd/memory.o
 .bss           0x000000000050ef90        0x0 pico/cd/sek.o
 .bss           0x000000000050ef90     0x4950 pico/cd/cdc.o
 .bss           0x00000000005138e0        0x0 pico/cd/cdd.o
 .bss           0x00000000005138e0        0x0 pico/cd/cd_image.o
 .bss           0x00000000005138e0        0x0 pico/cd/cue.o
 .bss           0x00000000005138e0      0x720 pico/cd/gfx.o
 .bss           0x0000000000514000        0x0 pico/cd/gfx_dma.o
 .bss           0x0000000000514000        0x0 pico/cd/misc.o
 .bss           0x0000000000514000        0x0 pico/cd/pcm.o
 .bss           0x0000000000514000       0x10 pico/32x/32x.o
 .bss           0x0000000000514010      0xc20 pico/32x/memory.o
 .bss           0x0000000000514c30        0x0 pico/32x/draw.o
 .bss           0x0000000000514c30       0x10 pico/32x/sh2soc.o